Component: ARM Compiler 5.06 update 4 (build 422) Tool: armlink [4d35d2]

==============================================================================

Section Cross References

    startup_stm32f427xx.o(RESET) refers to startup_stm32f427xx.o(STACK) for __initial_sp
    startup_stm32f427xx.o(RESET) refers to startup_stm32f427xx.o(.text) for Reset_Handler
    startup_stm32f427xx.o(RESET) refers to stm32f4xx_it.o(i.NMI_Handler) for NMI_Handler
    startup_stm32f427xx.o(RESET) refers to stm32f4xx_it.o(i.HardFault_Handler) for HardFault_Handler
    startup_stm32f427xx.o(RESET) refers to stm32f4xx_it.o(i.MemManage_Handler) for MemManage_Handler
    startup_stm32f427xx.o(RESET) refers to stm32f4xx_it.o(i.BusFault_Handler) for BusFault_Handler
    startup_stm32f427xx.o(RESET) refers to stm32f4xx_it.o(i.UsageFault_Handler) for UsageFault_Handler
    startup_stm32f427xx.o(RESET) refers to port.o(.emb_text) for SVC_Handler
    startup_stm32f427xx.o(RESET) refers to stm32f4xx_it.o(i.DebugMon_Handler) for DebugMon_Handler
    startup_stm32f427xx.o(RESET) refers to stm32f4xx_it.o(i.SysTick_Handler) for SysTick_Handler
    startup_stm32f427xx.o(RESET) refers to stm32f4xx_it.o(i.PVD_IRQHandler) for PVD_IRQHandler
    startup_stm32f427xx.o(RESET) refers to stm32f4xx_it.o(i.DMA1_Stream5_IRQHandler) for DMA1_Stream5_IRQHandler
    startup_stm32f427xx.o(RESET) refers to stm32f4xx_it.o(i.DMA1_Stream6_IRQHandler) for DMA1_Stream6_IRQHandler
    startup_stm32f427xx.o(RESET) refers to stm32f4xx_it.o(i.CAN1_TX_IRQHandler) for CAN1_TX_IRQHandler
    startup_stm32f427xx.o(RESET) refers to stm32f4xx_it.o(i.CAN1_RX0_IRQHandler) for CAN1_RX0_IRQHandler
    startup_stm32f427xx.o(RESET) refers to stm32f4xx_it.o(i.TIM3_IRQHandler) for TIM3_IRQHandler
    startup_stm32f427xx.o(RESET) refers to stm32f4xx_it.o(i.TIM4_IRQHandler) for TIM4_IRQHandler
    startup_stm32f427xx.o(RESET) refers to stm32f4xx_it.o(i.DMA2_Stream1_IRQHandler) for DMA2_Stream1_IRQHandler
    startup_stm32f427xx.o(RESET) refers to stm32f4xx_it.o(i.DMA2_Stream2_IRQHandler) for DMA2_Stream2_IRQHandler
    startup_stm32f427xx.o(RESET) refers to stm32f4xx_it.o(i.CAN2_TX_IRQHandler) for CAN2_TX_IRQHandler
    startup_stm32f427xx.o(RESET) refers to stm32f4xx_it.o(i.CAN2_RX0_IRQHandler) for CAN2_RX0_IRQHandler
    startup_stm32f427xx.o(RESET) refers to stm32f4xx_it.o(i.DMA2_Stream6_IRQHandler) for DMA2_Stream6_IRQHandler
    startup_stm32f427xx.o(.text) refers to system_stm32f4xx.o(i.SystemInit) for SystemInit
    startup_stm32f427xx.o(.text) refers to entry.o(.ARM.Collect$$$$00000000) for __main
    stm32f4xx_hal_cortex.o(i.HAL_NVIC_SetPriority) refers to stm32f4xx_hal_cortex.o(i.NVIC_SetPriority) for NVIC_SetPriority
    stm32f4xx_hal_cortex.o(i.HAL_SYSTICK_Config) refers to stm32f4xx_hal_cortex.o(i.NVIC_SetPriority) for NVIC_SetPriority
    stm32f4xx_hal_cortex.o(i.HAL_SYSTICK_IRQHandler) refers to stm32f4xx_hal_cortex.o(i.HAL_SYSTICK_Callback) for HAL_SYSTICK_Callback
    stm32f4xx_hal_rcc_ex.o(i.HAL_RCCEx_PeriphCLKConfig) refers to stm32f4xx_hal.o(i.HAL_GetTick) for HAL_GetTick
    stm32f4xx_hal_rcc_ex.o(i.HAL_RCC_DeInit) refers to stm32f4xx_hal.o(i.HAL_GetTick) for HAL_GetTick
    stm32f4xx_hal_rcc_ex.o(i.HAL_RCC_DeInit) refers to stm32f4xx_hal_timebase_tim.o(i.HAL_InitTick) for HAL_InitTick
    stm32f4xx_hal_rcc_ex.o(i.HAL_RCC_DeInit) refers to system_stm32f4xx.o(.data) for SystemCoreClock
    stm32f4xx_hal_pwr_ex.o(i.HAL_PWREx_ControlVoltageScaling) refers to stm32f4xx_hal.o(i.HAL_GetTick) for HAL_GetTick
    stm32f4xx_hal_pwr_ex.o(i.HAL_PWREx_DisableBkUpReg) refers to stm32f4xx_hal.o(i.HAL_GetTick) for HAL_GetTick
    stm32f4xx_hal_pwr_ex.o(i.HAL_PWREx_DisableOverDrive) refers to stm32f4xx_hal.o(i.HAL_GetTick) for HAL_GetTick
    stm32f4xx_hal_pwr_ex.o(i.HAL_PWREx_EnableBkUpReg) refers to stm32f4xx_hal.o(i.HAL_GetTick) for HAL_GetTick
    stm32f4xx_hal_pwr_ex.o(i.HAL_PWREx_EnableOverDrive) refers to stm32f4xx_hal.o(i.HAL_GetTick) for HAL_GetTick
    stm32f4xx_hal_gpio.o(i.HAL_GPIO_EXTI_IRQHandler) refers to stm32f4xx_hal_gpio.o(i.HAL_GPIO_EXTI_Callback) for HAL_GPIO_EXTI_Callback
    stm32f4xx_hal_tim.o(i.HAL_TIM_Base_DeInit) refers to stm32f4xx_hal_msp.o(i.HAL_TIM_Base_MspDeInit) for HAL_TIM_Base_MspDeInit
    stm32f4xx_hal_tim.o(i.HAL_TIM_Base_Init) refers to stm32f4xx_hal_msp.o(i.HAL_TIM_Base_MspInit) for HAL_TIM_Base_MspInit
    stm32f4xx_hal_tim.o(i.HAL_TIM_Base_Init) refers to stm32f4xx_hal_tim.o(i.TIM_Base_SetConfig) for TIM_Base_SetConfig
    stm32f4xx_hal_tim.o(i.HAL_TIM_Base_Start_DMA) refers to stm32f4xx_hal_dma.o(i.HAL_DMA_Start_IT) for HAL_DMA_Start_IT
    stm32f4xx_hal_tim.o(i.HAL_TIM_Base_Start_DMA) refers to stm32f4xx_hal_tim.o(i.TIM_DMAPeriodElapsedCplt) for TIM_DMAPeriodElapsedCplt
    stm32f4xx_hal_tim.o(i.HAL_TIM_Base_Start_DMA) refers to stm32f4xx_hal_tim.o(i.TIM_DMAError) for TIM_DMAError
[...]
    i.HAL_RCC_ClockConfig                    0x08001808   Section        0  stm32f4xx_hal_rcc.o(i.HAL_RCC_ClockConfig)
    i.HAL_RCC_GetClockConfig                 0x08001938   Section        0  stm32f4xx_hal_rcc.o(i.HAL_RCC_GetClockConfig)
    i.HAL_RCC_GetHCLKFreq                    0x08001978   Section        0  stm32f4xx_hal_rcc.o(i.HAL_RCC_GetHCLKFreq)
    i.HAL_RCC_GetPCLK1Freq                   0x08001984   Section        0  stm32f4xx_hal_rcc.o(i.HAL_RCC_GetPCLK1Freq)
    i.HAL_RCC_GetPCLK2Freq                   0x080019a4   Section        0  stm32f4xx_hal_rcc.o(i.HAL_RCC_GetPCLK2Freq)
    i.HAL_RCC_GetSysClockFreq                0x080019c4   Section        0  stm32f4xx_hal_rcc.o(i.HAL_RCC_GetSysClockFreq)
    i.HAL_RCC_OscConfig                      0x08001a28   Section        0  stm32f4xx_hal_rcc.o(i.HAL_RCC_OscConfig)
    i.HAL_SPI_Init                           0x08001d10   Section        0  stm32f4xx_hal_spi.o(i.HAL_SPI_Init)
    i.HAL_SPI_MspInit                        0x08001d90   Section        0  stm32f4xx_hal_msp.o(i.HAL_SPI_MspInit)
    i.HAL_SPI_TransmitReceive                0x08001ddc   Section        0  stm32f4xx_hal_spi.o(i.HAL_SPI_TransmitReceive)
    i.HAL_SYSTICK_CLKSourceConfig            0x08001fa6   Section        0  stm32f4xx_hal_cortex.o(i.HAL_SYSTICK_CLKSourceConfig)
    i.HAL_SYSTICK_Config                     0x08001fbe   Section        0  stm32f4xx_hal_cortex.o(i.HAL_SYSTICK_Config)
    i.HAL_TIMEx_BreakCallback                0x08001fe6   Section        0  stm32f4xx_hal_tim_ex.o(i.HAL_TIMEx_BreakCallback)
    i.HAL_TIMEx_CommutationCallback          0x08001fe8   Section        0  stm32f4xx_hal_tim_ex.o(i.HAL_TIMEx_CommutationCallback)
    i.HAL_TIMEx_MasterConfigSynchronization  0x08001fea   Section        0  stm32f4xx_hal_tim_ex.o(i.HAL_TIMEx_MasterConfigSynchronization)
    i.HAL_TIM_Base_Init                      0x0800203a   Section        0  stm32f4xx_hal_tim.o(i.HAL_TIM_Base_Init)
    i.HAL_TIM_Base_MspInit                   0x08002070   Section        0  stm32f4xx_hal_msp.o(i.HAL_TIM_Base_MspInit)
    i.HAL_TIM_Base_Start_IT                  0x080020ac   Section        0  stm32f4xx_hal_tim.o(i.HAL_TIM_Base_Start_IT)
    i.HAL_TIM_ConfigClockSource              0x080020c4   Section        0  stm32f4xx_hal_tim.o(i.HAL_TIM_ConfigClockSource)
    i.HAL_TIM_IC_CaptureCallback             0x080021b4   Section        0  stm32f4xx_hal_tim.o(i.HAL_TIM_IC_CaptureCallback)
    i.HAL_TIM_IRQHandler                     0x080021b6   Section        0  stm32f4xx_hal_tim.o(i.HAL_TIM_IRQHandler)
    i.HAL_TIM_OC_DelayElapsedCallback        0x0800231c   Section        0  stm32f4xx_hal_tim.o(i.HAL_TIM_OC_DelayElapsedCallback)
    i.HAL_TIM_PWM_PulseFinishedCallback      0x0800231e   Section        0  stm32f4xx_hal_tim.o(i.HAL_TIM_PWM_PulseFinishedCallback)
    i.HAL_TIM_PeriodElapsedCallback          0x08002320   Section        0  main.o(i.HAL_TIM_PeriodElapsedCallback)
    i.HAL_TIM_TriggerCallback                0x0800234c   Section        0  stm32f4xx_hal_tim.o(i.HAL_TIM_TriggerCallback)
    i.HAL_UART_ErrorCallback                 0x0800234e   Section        0  stm32f4xx_hal_uart.o(i.HAL_UART_ErrorCallback)
    i.HAL_UART_Init                          0x08002350   Section        0  stm32f4xx_hal_uart.o(i.HAL_UART_Init)
    i.HAL_UART_MspInit                       0x080023b4   Section        0  stm32f4xx_hal_msp.o(i.HAL_UART_MspInit)
    i.HAL_UART_Receive_DMA                   0x080025cc   Section        0  stm32f4xx_hal_uart.o(i.HAL_UART_Receive_DMA)
    i.HAL_UART_RxCpltCallback                0x08002664   Section        0  stm32f4xx_hal_uart.o(i.HAL_UART_RxCpltCallback)
    i.HAL_UART_RxHalfCpltCallback            0x08002666   Section        0  stm32f4xx_hal_uart.o(i.HAL_UART_RxHalfCpltCallback)
    i.HAL_UART_Transmit_DMA                  0x08002668   Section        0  stm32f4xx_hal_uart.o(i.HAL_UART_Transmit_DMA)
    i.HAL_UART_TxCpltCallback                0x080026e8   Section        0  stm32f4xx_hal_uart.o(i.HAL_UART_TxCpltCallback)
    i.HAL_UART_TxHalfCpltCallback            0x080026ea   Section        0  stm32f4xx_hal_uart.o(i.HAL_UART_TxHalfCpltCallback)
    i.HardFault_Handler                      0x080026ec   Section        0  stm32f4xx_it.o(i.HardFault_Handler)
    i.IMU_Get_Data                           0x080026f0   Section        0  test_imu.o(i.IMU_Get_Data)
    i.IMU_init                               0x080027bc   Section        0  test_imu.o(i.IMU_init)
    i.IMUfun                                 0x080027e4   Section        0  main.o(i.IMUfun)
    i.IST8310_Init                           0x080027ec   Section        0  test_imu.o(i.IST8310_Init)
    i.IST_Reg_Read_By_MPU                    0x080028de   Section        0  test_imu.o(i.IST_Reg_Read_By_MPU)
    IST_Reg_Read_By_MPU                      0x080028df   Thumb Code    56  test_imu.o(i.IST_Reg_Read_By_MPU)
    i.IST_Reg_Write_By_MPU                   0x08002916   Section        0  test_imu.o(i.IST_Reg_Write_By_MPU)
    IST_Reg_Write_By_MPU                     0x08002917   Thumb Code    66  test_imu.o(i.IST_Reg_Write_By_MPU)
    i.Init_Quaternion                        0x08002958   Section        0  test_imu.o(i.Init_Quaternion)
    i.MPU6500_Init                           0x08002b10   Section        0  test_imu.o(i.MPU6500_Init)
    i.MPU6500_Read_Reg                       0x08002b5c   Section        0  test_imu.o(i.MPU6500_Read_Reg)
    i.MPU6500_Read_Regs                      0x08002bac   Section        0  test_imu.o(i.MPU6500_Read_Regs)
    i.MPU6500_Write_Reg                      0x08002c08   Section        0  test_imu.o(i.MPU6500_Write_Reg)
    i.MPU_Auto_Read_IST_config               0x08002c5c   Section        0  test_imu.o(i.MPU_Auto_Read_IST_config)
    MPU_Auto_Read_IST_config                 0x08002c5d   Thumb Code   142  test_imu.o(i.MPU_Auto_Read_IST_config)
    i.MX_CAN1_Init                           0x08002cec   Section        0  main.o(i.MX_CAN1_Init)
    MX_CAN1_Init                             0x08002ced   Thumb Code    54  main.o(i.MX_CAN1_Init)
    i.MX_CAN2_Init                           0x08002d2c   Section        0  main.o(i.MX_CAN2_Init)
    MX_CAN2_Init                             0x08002d2d   Thumb Code    58  main.o(i.MX_CAN2_Init)
    i.MX_DMA_Init                            0x08002d70   Section        0  main.o(i.MX_DMA_Init)
    MX_DMA_Init                              0x08002d71   Thumb Code   120  main.o(i.MX_DMA_Init)
    i.MX_GPIO_Init                           0x08002dec   Section        0  main.o(i.MX_GPIO_Init)
    MX_GPIO_Init                             0x08002ded   Thumb Code   212  main.o(i.MX_GPIO_Init)
    i.MX_SPI5_Init                           0x08002ed0   Section        0  main.o(i.MX_SPI5_Init)
    MX_SPI5_Init                             0x08002ed1   Thumb Code    56  main.o(i.MX_SPI5_Init)
    i.MX_TIM3_Init                           0x08002f10   Section        0  main.o(i.MX_TIM3_Init)
    MX_TIM3_Init                             0x08002f11   Thumb Code    72  main.o(i.MX_TIM3_Init)
    i.MemManage_Handler                      0x08002f60   Section        0  stm32f4xx_it.o(i.MemManage_Handler)
    i.NMI_Handler                            0x08002f62   Section        0  stm32f4xx_it.o(i.NMI_Handler)
    i.NVIC_SetPriority                       0x08002f64   Section        0  stm32f4xx_hal_cortex.o(i.NVIC_SetPriority)
    NVIC_SetPriority                         0x08002f65   Thumb Code    32  stm32f4xx_hal_cortex.o(i.NVIC_SetPriority)
    i.PID_struct_init                        0x08002f84   Section        0  pid.o(i.PID_struct_init)
    i.PVD_IRQHandler                         0x08002f9c   Section        0  stm32f4xx_it.o(i.PVD_IRQHandler)
    i.PrintFunc                              0x08002fa0   Section        0  main.o(i.PrintFunc)
    i.RemoteDataProcess                      0x08002fa8   Section        0  rc.o(i.RemoteDataProcess)
    i.SPI_CheckFlag_BSY                      0x08003018   Section        0  stm32f4xx_hal_spi.o(i.SPI_CheckFlag_BSY)
    SPI_CheckFlag_BSY                        0x08003019   Thumb Code    32  stm32f4xx_hal_spi.o(i.SPI_CheckFlag_BSY)
    i.SPI_WaitFlagStateUntilTimeout          0x08003038   Section        0  stm32f4xx_hal_spi.o(i.SPI_WaitFlagStateUntilTimeout)
    SPI_WaitFlagStateUntilTimeout            0x08003039   Thumb Code   150  stm32f4xx_hal_spi.o(i.SPI_WaitFlagStateUntilTimeout)
    i.SysTick_Handler                        0x080030ce   Section        0  stm32f4xx_it.o(i.SysTick_Handler)
    i.SystemClock_Config                     0x080030d4   Section        0  main.o(i.SystemClock_Config)
    i.SystemInit                             0x08003180   Section        0  system_stm32f4xx.o(i.SystemInit)
    i.TIM3_IRQHandler                        0x080031d4   Section        0  stm32f4xx_it.o(i.TIM3_IRQHandler)
    i.TIM4_IRQHandler                        0x080031e0   Section        0  stm32f4xx_it.o(i.TIM4_IRQHandler)
    i.TIM_Base_SetConfig                     0x080031ec   Section        0  stm32f4xx_hal_tim.o(i.TIM_Base_SetConfig)
    i.TIM_ETR_SetConfig                      0x080032ac   Section        0  stm32f4xx_hal_tim.o(i.TIM_ETR_SetConfig)
    TIM_ETR_SetConfig                        0x080032ad   Thumb Code    20  stm32f4xx_hal_tim.o(i.TIM_ETR_SetConfig)
    i.TIM_ITRx_SetConfig                     0x080032c0   Section        0  stm32f4xx_hal_tim.o(i.TIM_ITRx_SetConfig)
    TIM_ITRx_SetConfig                       0x080032c1   Thumb Code    16  stm32f4xx_hal_tim.o(i.TIM_ITRx_SetConfig)
    i.TIM_TI1_ConfigInputStage               0x080032d0   Section        0  stm32f4xx_hal_tim.o(i.TIM_TI1_ConfigInputStage)
    TIM_TI1_ConfigInputStage                 0x080032d1   Thumb Code    34  stm32f4xx_hal_tim.o(i.TIM_TI1_ConfigInputStage)
    i.TIM_TI2_ConfigInputStage               0x080032f2   Section        0  stm32f4xx_hal_tim.o(i.TIM_TI2_ConfigInputStage)
    TIM_TI2_ConfigInputStage                 0x080032f3   Thumb Code    36  stm32f4xx_hal_tim.o(i.TIM_TI2_ConfigInputStage)
    i.UART_DMAError                          0x08003316   Section        0  stm32f4xx_hal_uart.o(i.UART_DMAError)
    UART_DMAError                            0x08003317   Thumb Code    74  stm32f4xx_hal_uart.o(i.UART_DMAError)
    i.UART_DMAReceiveCplt                    0x08003360   Section        0  stm32f4xx_hal_uart.o(i.UART_DMAReceiveCplt)
    UART_DMAReceiveCplt                      0x08003361   Thumb Code    60  stm32f4xx_hal_uart.o(i.UART_DMAReceiveCplt)
    i.UART_DMARxHalfCplt                     0x0800339c   Section        0  stm32f4xx_hal_uart.o(i.UART_DMARxHalfCplt)
    UART_DMARxHalfCplt                       0x0800339d   Thumb Code    10  stm32f4xx_hal_uart.o(i.UART_DMARxHalfCplt)
    i.UART_DMATransmitCplt                   0x080033a6   Section        0  stm32f4xx_hal_uart.o(i.UART_DMATransmitCplt)
    UART_DMATransmitCplt                     0x080033a7   Thumb Code    46  stm32f4xx_hal_uart.o(i.UART_DMATransmitCplt)
    i.UART_DMATxHalfCplt                     0x080033d4   Section        0  stm32f4xx_hal_uart.o(i.UART_DMATxHalfCplt)
    UART_DMATxHalfCplt                       0x080033d5   Thumb Code    10  stm32f4xx_hal_uart.o(i.UART_DMATxHalfCplt)
    i.UART_EndRxTransfer                     0x080033de   Section        0  stm32f4xx_hal_uart.o(i.UART_EndRxTransfer)
    UART_EndRxTransfer                       0x080033df   Thumb Code    28  stm32f4xx_hal_uart.o(i.UART_EndRxTransfer)
    i.UART_EndTxTransfer                     0x080033fa   Section        0  stm32f4xx_hal_uart.o(i.UART_EndTxTransfer)
    UART_EndTxTransfer                       0x080033fb   Thumb Code    18  stm32f4xx_hal_uart.o(i.UART_EndTxTransfer)
    i.UART_SetConfig                         0x0800340c   Section        0  stm32f4xx_hal_uart.o(i.UART_SetConfig)
    UART_SetConfig                           0x0800340d   Thumb Code   676  stm32f4xx_hal_uart.o(i.UART_SetConfig)
    i.UsageFault_Handler                     0x080036b8   Section        0  stm32f4xx_it.o(i.UsageFault_Handler)
    i.WGfun                                  0x080036ba   Section        0  main.o(i.WGfun)
    i._Error_Handler                         0x080036c2   Section        0  main.o(i._Error_Handler)
    i.__scatterload_copy                     0x080036c4   Section       14  handlers.o(i.__scatterload_copy)
    i.__scatterload_null                     0x080036d2   Section        2  handlers.o(i.__scatterload_null)
    i.__scatterload_zeroinit                 0x080036d4   Section       14  handlers.o(i.__scatterload_zeroinit)
    i.abs_limit                              0x080036e2   Section        0  pid.o(i.abs_limit)
    i.get_moto_measure                       0x0800370c   Section        0  bsp_can.o(i.get_moto_measure)
    i.get_moto_offset                        0x08003760   Section        0  bsp_can.o(i.get_moto_offset)
    i.main                                   0x0800376c   Section        0  main.o(i.main)
    i.makeFreeRtosPriority                   0x080038fc   Section        0  cmsis_os.o(i.makeFreeRtosPriority)
    makeFreeRtosPriority                     0x080038fd   Thumb Code    12  cmsis_os.o(i.makeFreeRtosPriority)
    i.my_can_filter_init_recv_all            0x08003908   Section        0  bsp_can.o(i.my_can_filter_init_recv_all)
    i.osDelay                                0x08003968   Section        0  cmsis_os.o(i.osDelay)
    i.osKernelStart                          0x08003976   Section        0  cmsis_os.o(i.osKernelStart)
    i.osSystickHandler                       0x08003980   Section        0  cmsis_os.o(i.osSystickHandler)
    i.osThreadCreate                         0x08003994   Section        0  cmsis_os.o(i.osThreadCreate)
    i.pid_calc                               0x080039c4   Section        0  pid.o(i.pid_calc)
    i.pid_param_init                         0x08003b84   Section        0  pid.o(i.pid_param_init)
    pid_param_init                           0x08003b85   Thumb Code    14  pid.o(i.pid_param_init)
    i.pid_reset                              0x08003b92   Section        0  pid.o(i.pid_reset)
    pid_reset                                0x08003b93   Thumb Code     6  pid.o(i.pid_reset)
    i.prvAddCurrentTaskToDelayedList         0x08003b98   Section        0  tasks.o(i.prvAddCurrentTaskToDelayedList)
    prvAddCurrentTaskToDelayedList           0x08003b99   Thumb Code   102  tasks.o(i.prvAddCurrentTaskToDelayedList)
    i.prvAddNewTaskToReadyList               0x08003c08   Section        0  tasks.o(i.prvAddNewTaskToReadyList)
    prvAddNewTaskToReadyList                 0x08003c09   Thumb Code   196  tasks.o(i.prvAddNewTaskToReadyList)
    i.prvCheckTasksWaitingTermination        0x08003cd8   Section        0  tasks.o(i.prvCheckTasksWaitingTermination)
    prvCheckTasksWaitingTermination          0x08003cd9   Thumb Code    74  tasks.o(i.prvCheckTasksWaitingTermination)
    i.prvDeleteTCB                           0x08003d2c   Section        0  tasks.o(i.prvDeleteTCB)
    prvDeleteTCB                             0x08003d2d   Thumb Code    20  tasks.o(i.prvDeleteTCB)
    i.prvHeapInit                            0x08003d40   Section        0  heap_4.o(i.prvHeapInit)
    prvHeapInit                              0x08003d41   Thumb Code    66  heap_4.o(i.prvHeapInit)
    i.prvIdleTask                            0x08003d8c   Section        0  tasks.o(i.prvIdleTask)
    prvIdleTask                              0x08003d8d   Thumb Code    30  tasks.o(i.prvIdleTask)
    i.prvInitialiseNewTask                   0x08003db4   Section        0  tasks.o(i.prvInitialiseNewTask)
    prvInitialiseNewTask                     0x08003db5   Thumb Code   156  tasks.o(i.prvInitialiseNewTask)
    i.prvInsertBlockIntoFreeList             0x08003e50   Section        0  heap_4.o(i.prvInsertBlockIntoFreeList)
    prvInsertBlockIntoFreeList               0x08003e51   Thumb Code    72  heap_4.o(i.prvInsertBlockIntoFreeList)
    i.prvResetNextTaskUnblockTime            0x08003e9c   Section        0  tasks.o(i.prvResetNextTaskUnblockTime)
    prvResetNextTaskUnblockTime              0x08003e9d   Thumb Code    26  tasks.o(i.prvResetNextTaskUnblockTime)
    i.prvTaskExitError                       0x08003ebc   Section        0  port.o(i.prvTaskExitError)
    prvTaskExitError                         0x08003ebd   Thumb Code    36  port.o(i.prvTaskExitError)
    i.pvPortMalloc                           0x08003ee4   Section        0  heap_4.o(i.pvPortMalloc)
    i.pxPortInitialiseStack                  0x08003fbc   Section        0  port.o(i.pxPortInitialiseStack)
    i.set_moto_current                       0x08003fe8   Section        0  bsp_can.o(i.set_moto_current)
    i.uartTask                               0x08004038   Section        0  main.o(i.uartTask)
    i.uxListRemove                           0x080040fc   Section        0  list.o(i.uxListRemove)
    i.vListInitialise                        0x08004120   Section        0  list.o(i.vListInitialise)
    i.vListInitialiseItem                    0x08004136   Section        0  list.o(i.vListInitialiseItem)
    i.vListInsert                            0x0800413c   Section        0  list.o(i.vListInsert)
    i.vListInsertEnd                         0x0800416c   Section        0  list.o(i.vListInsertEnd)
    i.vPortEnterCritical                     0x08004184   Section        0  port.o(i.vPortEnterCritical)
    i.vPortExitCritical                      0x080041c4   Section        0  port.o(i.vPortExitCritical)
    i.vPortFree                              0x080041ec   Section        0  heap_4.o(i.vPortFree)
    i.vPortSetupTimerInterrupt               0x08004248   Section        0  port.o(i.vPortSetupTimerInterrupt)
    i.vTaskDelay                             0x08004268   Section        0  tasks.o(i.vTaskDelay)
    i.vTaskStartScheduler                    0x080042b4   Section        0  tasks.o(i.vTaskStartScheduler)
    i.vTaskSuspendAll                        0x0800431c   Section        0  tasks.o(i.vTaskSuspendAll)
    i.vTaskSwitchContext                     0x0800432c   Section        0  tasks.o(i.vTaskSwitchContext)
    i.xPortStartScheduler                    0x08004388   Section        0  port.o(i.xPortStartScheduler)
    i.xPortSysTickHandler                    0x0800446c   Section        0  port.o(i.xPortSysTickHandler)
    i.xTaskCreate                            0x08004498   Section        0  tasks.o(i.xTaskCreate)
    i.xTaskGetSchedulerState                 0x080044f0   Section        0  tasks.o(i.xTaskGetSchedulerState)
    i.xTaskIncrementTick                     0x0800450c   Section        0  tasks.o(i.xTaskIncrementTick)
    i.xTaskResumeAll                         0x080045d4   Section        0  tasks.o(i.xTaskResumeAll)
    .constdata                               0x08004698   Section        8  stm32f4xx_hal_dma.o(.constdata)
    flagBitshiftOffset                       0x08004698   Data           8  stm32f4xx_hal_dma.o(.constdata)
    .constdata                               0x080046a0   Section      140  main.o(.constdata)
    .constdata                               0x0800472c   Section       20  test_imu.o(.constdata)
    .constdata                               0x08004740   Section       16  system_stm32f4xx.o(.constdata)
    .constdata                               0x08004750   Section        8  system_stm32f4xx.o(.constdata)
    .conststring                             0x08004758   Section       55  main.o(.conststring)
    .data                                    0x20000000   Section        4  stm32f4xx_hal.o(.data)
    .data                                    0x20000004   Section        4  stm32f4xx_hal_msp.o(.data)
    HAL_RCC_CAN1_CLK_ENABLED                 0x20000004   Data           4  stm32f4xx_hal_msp.o(.data)
    .data                                    0x20000008   Section       94  main.o(.data)
    stop                                     0x2000002c   Data           4  main.o(.data)
    .data                                    0x20000068   Section       12  port.o(.data)
    ucMaxSysCallPriority                     0x20000068   Data           1  port.o(.data)
    uxCriticalNesting                        0x2000006c   Data           4  port.o(.data)
    ulMaxPRIGROUPValue                       0x20000070   Data           4  port.o(.data)
    .data                                    0x20000074   Section       24  heap_4.o(.data)
    pxEnd                                    0x20000074   Data           4  heap_4.o(.data)
    xFreeBytesRemaining                      0x20000078   Data           4  heap_4.o(.data)
    xMinimumEverFreeBytesRemaining           0x2000007c   Data           4  heap_4.o(.data)
    xBlockAllocatedBit                       0x20000080   Data           4  heap_4.o(.data)
    xStart                                   0x20000084   Data           8  heap_4.o(.data)
    .data                                    0x2000008c   Section       60  tasks.o(.data)
    uxDeletedTasksWaitingCleanUp             0x20000090   Data           4  tasks.o(.data)
    uxCurrentNumberOfTasks                   0x20000094   Data           4  tasks.o(.data)
    xTickCount                               0x20000098   Data           4  tasks.o(.data)
    uxTopReadyPriority                       0x2000009c   Data           4  tasks.o(.data)
    xSchedulerRunning                        0x200000a0   Data           4  tasks.o(.data)
    uxPendedTicks                            0x200000a4   Data           4  tasks.o(.data)
    xYieldPending                            0x200000a8   Data           4  tasks.o(.data)
    xNumOfOverflows                          0x200000ac   Data           4  tasks.o(.data)
    uxTaskNumber                             0x200000b0   Data           4  tasks.o(.data)
    xNextTaskUnblockTime                     0x200000b4   Data           4  tasks.o(.data)
    xIdleTaskHandle                          0x200000b8   Data           4  tasks.o(.data)
    uxSchedulerSuspended                     0x200000bc   Data           4  tasks.o(.data)
    pxDelayedTaskList                        0x200000c0   Data           4  tasks.o(.data)
    pxOverflowDelayedTaskList                0x200000c4   Data           4  tasks.o(.data)
    .data                                    0x200000c8   Section        1  bsp_can.o(.data)
    i                                        0x200000c8   Data           1  bsp_can.o(.data)
    .data                                    0x200000c9   Section       10  usart.o(.data)
    .data                                    0x200000d3   Section       10  usart.o(.data)
    .data                                    0x200000e0   Section      130  test_imu.o(.data)
    MPU_Rx                                   0x200000e1   Data           1  test_imu.o(.data)
    MPU_Tx                                   0x200000e2   Data           1  test_imu.o(.data)
    MPU_Rx                                   0x200000e3   Data           1  test_imu.o(.data)
    MPU_Tx                                   0x200000e4   Data           1  test_imu.o(.data)
    MPU_Rx                                   0x200000e5   Data           1  test_imu.o(.data)
    MPU_Tx                                   0x200000e6   Data           1  test_imu.o(.data)
    gx                                       0x2000011c   Data           4  test_imu.o(.data)
    gy                                       0x20000120   Data           4  test_imu.o(.data)
    gz                                       0x20000124   Data           4  test_imu.o(.data)
    ax                                       0x20000128   Data           4  test_imu.o(.data)
    ay                                       0x2000012c   Data           4  test_imu.o(.data)
    az                                       0x20000130   Data           4  test_imu.o(.data)
    mx                                       0x20000134   Data           4  test_imu.o(.data)
    my                                       0x20000138   Data           4  test_imu.o(.data)
    mz                                       0x2000013c   Data           4  test_imu.o(.data)
    MPU_Tx_buff                              0x20000154   Data          14  test_imu.o(.data)
    .data                                    0x20000164   Section        4  system_stm32f4xx.o(.data)
    .bss                                     0x20000168   Section      588  main.o(.bss)
    .bss                                     0x200003b4   Section       96  main.o(.bss)
    .bss                                     0x20000414   Section       96  main.o(.bss)
    .bss                                     0x20000474   Section       96  main.o(.bss)
    .bss                                     0x200004d4   Section       96  main.o(.bss)
    .bss                                     0x20000534   Section       60  stm32f4xx_hal_timebase_tim.o(.bss)
    .bss                                     0x20000570   Section    15360  heap_4.o(.bss)
    ucHeap                                   0x20000570   Data       15360  heap_4.o(.bss)
    .bss                                     0x20004170   Section      240  tasks.o(.bss)
    pxReadyTasksLists                        0x20004170   Data         140  tasks.o(.bss)
    xDelayedTaskList1                        0x200041fc   Data          20  tasks.o(.bss)
    xDelayedTaskList2                        0x20004210   Data          20  tasks.o(.bss)
    xPendingReadyList                        0x20004224   Data          20  tasks.o(.bss)
    xTasksWaitingTermination                 0x20004238   Data          20  tasks.o(.bss)
    xSuspendedTaskList                       0x2000424c   Data          20  tasks.o(.bss)
    .bss                                     0x20004260   Section      348  bsp_can.o(.bss)
    Tx1Message                               0x20004310   Data          28  bsp_can.o(.bss)
    Rx1Message                               0x2000432c   Data          36  bsp_can.o(.bss)
    Tx2Message                               0x20004350   Data          28  bsp_can.o(.bss)
    Rx2Message                               0x2000436c   Data          36  bsp_can.o(.bss)
    .bss                                     0x200043bc   Section      432  pid.o(.bss)
    .bss                                     0x2000456c   Section       20  rc.o(.bss)
    .bss                                     0x20004580   Section       92  test_imu.o(.bss)
    q                                        0x200045cc   Data          16  test_imu.o(.bss)
    STACK                                    0x200045e0   Section     1024  startup_stm32f427xx.o(STACK)

    Global Symbols

    Symbol Name                              Value     Ov Type        Size  Object(Section)

    BuildAttributes$$THM_ISAv4$E$P$D$K$B$S$7EM$VFPi3$EXTD16$VFPS$VFMA$PE$A:L22UL41UL21$X:L11$S22US41US21$IEEE1$IW$USESV6$~STKCKD$USESV7$~SHL$OTIME$ROPI$IEEEX$EBA8$MICROLIB$REQ8$PRES8$EABIv2 0x00000000   Number         0  anon$$obj.o ABSOLUTE
    __ARM_use_no_argv                        0x00000000   Number         0  main.o ABSOLUTE
    __use_no_errno                           0x00000000   Number         0  useno.o ABSOLUTE
    __use_no_exception_handling              0x00000000   Number         0  useno.o ABSOLUTE
    __use_no_fp                              0x00000000   Number         0  useno.o ABSOLUTE
    __use_no_heap                            0x00000000   Number         0  useno.o ABSOLUTE
    __use_no_heap_region                     0x00000000   Number         0  useno.o ABSOLUTE
    __use_no_semihosting                     0x00000000   Number         0  useno.o ABSOLUTE
    __use_no_semihosting_swi                 0x00000000   Number         0  useno.o ABSOLUTE
    __use_no_signal_handling                 0x00000000   Number         0  useno.o ABSOLUTE
    _printf_a                                0x00000000   Number         0  stubs.o ABSOLUTE
    _printf_c                                0x00000000   Number         0  stubs.o ABSOLUTE
    _printf_charcount                        0x00000000   Number         0  stubs.o ABSOLUTE
    _printf_d                                0x00000000   Number         0  stubs.o ABSOLUTE
    _printf_e                                0x00000000   Number         0  stubs.o ABSOLUTE
    _printf_f                                0x00000000   Number         0  stubs.o ABSOLUTE
    _printf_flags                            0x00000000   Number         0  stubs.o ABSOLUTE
    _printf_fp_dec                           0x00000000   Number         0  stubs.o ABSOLUTE
    _printf_fp_hex                           0x00000000   Number         0  stubs.o ABSOLUTE
    _printf_g                                0x00000000   Number         0  stubs.o ABSOLUTE
    _printf_i                                0x00000000   Number         0  stubs.o ABSOLUTE
    _printf_int_dec                          0x00000000   Number         0  stubs.o ABSOLUTE
    _printf_l                                0x00000000   Number         0  stubs.o ABSOLUTE
    _printf_lc                               0x00000000   Number         0  stubs.o ABSOLUTE
    _printf_ll                               0x00000000   Number         0  stubs.o ABSOLUTE
    _printf_lld                              0x00000000   Number         0  stubs.o ABSOLUTE
    _printf_lli                              0x00000000   Number         0  stubs.o ABSOLUTE
    _printf_llo                              0x00000000   Number         0  stubs.o ABSOLUTE
    _printf_llu                              0x00000000   Number         0  stubs.o ABSOLUTE
    _printf_llx                              0x00000000   Number         0  stubs.o ABSOLUTE
    _printf_longlong_dec                     0x00000000   Number         0  stubs.o ABSOLUTE
    _printf_longlong_hex                     0x00000000   Number         0  stubs.o ABSOLUTE
    _printf_longlong_oct                     0x00000000   Number         0  stubs.o ABSOLUTE
    _printf_ls                               0x00000000   Number         0  stubs.o ABSOLUTE
    _printf_mbtowc                           0x00000000   Number         0  stubs.o ABSOLUTE
    _printf_n                                0x00000000   Number         0  stubs.o ABSOLUTE
    _printf_o                                0x00000000   Number         0  stubs.o ABSOLUTE
    _printf_p                                0x00000000   Number         0  stubs.o ABSOLUTE
    _printf_percent                          0x00000000   Number         0  stubs.o ABSOLUTE
    _printf_pre_padding                      0x00000000   Number         0  stubs.o ABSOLUTE
    _printf_return_value                     0x00000000   Number         0  stubs.o ABSOLUTE
    _printf_s                                0x00000000   Number         0  stubs.o ABSOLUTE
    _printf_sizespec                         0x00000000   Number         0  stubs.o ABSOLUTE
    _printf_str                              0x00000000   Number         0  stubs.o ABSOLUTE
    _printf_truncate_signed                  0x00000000   Number         0  stubs.o ABSOLUTE
    _printf_truncate_unsigned                0x00000000   Number         0  stubs.o ABSOLUTE
    _printf_u                                0x00000000   Number         0  stubs.o ABSOLUTE
    _printf_wc                               0x00000000   Number         0  stubs.o ABSOLUTE
    _printf_wctomb                           0x00000000   Number         0  stubs.o ABSOLUTE
    _printf_widthprec                        0x00000000   Number         0  stubs.o ABSOLUTE
    _printf_x                                0x00000000   Number         0  stubs.o ABSOLUTE
    __cpp_initialize__aeabi_                  - Undefined Weak Reference
    __cxa_finalize                            - Undefined Weak Reference
    _clock_init                               - Undefined Weak Reference
    _microlib_exit                            - Undefined Weak Reference
    __Vectors_Size                           0x000001ac   Number         0  startup_stm32f427xx.o ABSOLUTE
    __Vectors                                0x08000000   Data           4  startup_stm32f427xx.o(RESET)
    __Vectors_End                            0x080001ac   Data           0  startup_stm32f427xx.o(RESET)
    __main                                   0x080001ad   Thumb Code     0  entry.o(.ARM.Collect$$$$00000000)
    _main_stk                                0x080001ad   Thumb Code     0  entry2.o(.ARM.Collect$$$$00000001)
    _main_scatterload                        0x080001b1   Thumb Code     0  entry5.o(.ARM.Collect$$$$00000004)
    __main_after_scatterload                 0x080001b5   Thumb Code     0  entry5.o(.ARM.Collect$$$$00000004)
    _main_clock                              0x080001b5   Thumb Code     0  entry7b.o(.ARM.Collect$$$$00000008)
    _main_cpp_init                           0x080001b5   Thumb Code     0  entry8b.o(.ARM.Collect$$$$0000000A)
    _main_init                               0x080001b5   Thumb Code     0  entry9a.o(.ARM.Collect$$$$0000000B)
    __rt_final_cpp                           0x080001bd   Thumb Code     0  entry10a.o(.ARM.Collect$$$$0000000D)
    __rt_final_exit                          0x080001bd   Thumb Code     0  entry11a.o(.ARM.Collect$$$$0000000F)
    SVC_Handler                              0x080001c1   Thumb Code    28  port.o(.emb_text)
    __asm___6_port_c_39a90d8d__prvStartFirstTask 0x080001e1   Thumb Code    28  port.o(.emb_text)
    __asm___6_port_c_39a90d8d__prvEnableVFP  0x08000201   Thumb Code    16  port.o(.emb_text)
    PendSV_Handler                           0x08000215   Thumb Code    92  port.o(.emb_text)
    vPortGetIPSR                             0x08000275   Thumb Code     6  port.o(.emb_text)
    Reset_Handler                            0x0800027d   Thumb Code     8  startup_stm32f427xx.o(.text)
    ADC_IRQHandler                           0x08000297   Thumb Code     0  startup_stm32f427xx.o(.text)
    CAN1_RX1_IRQHandler                      0x08000297   Thumb Code     0  startup_stm32f427xx.o(.text)
    CAN1_SCE_IRQHandler                      0x08000297   Thumb Code     0  startup_stm32f427xx.o(.text)
    CAN2_RX1_IRQHandler                      0x08000297   Thumb Code     0  startup_stm32f427xx.o(.text)
    CAN2_SCE_IRQHandler                      0x08000297   Thumb Code     0  startup_stm32f427xx.o(.text)
    DCMI_IRQHandler                          0x08000297   Thumb Code     0  startup_stm32f427xx.o(.text)
    DMA1_Stream0_IRQHandler                  0x08000297   Thumb Code     0  startup_stm32f427xx.o(.text)
    DMA1_Stream1_IRQHandler                  0x08000297   Thumb Code     0  startup_stm32f427xx.o(.text)
    DMA1_Stream2_IRQHandler                  0x08000297   Thumb Code     0  startup_stm32f427xx.o(.text)
    DMA1_Stream3_IRQHandler                  0x08000297   Thumb Code     0  startup_stm32f427xx.o(.text)
    DMA1_Stream4_IRQHandler                  0x08000297   Thumb Code     0  startup_stm32f427xx.o(.text)
    DMA1_Stream7_IRQHandler                  0x08000297   Thumb Code     0  startup_stm32f427xx.o(.text)
    DMA2D_IRQHandler                         0x08000297   Thumb Code     0  startup_stm32f427xx.o(.text)
    DMA2_Stream0_IRQHandler                  0x08000297   Thumb Code     0  startup_stm32f427xx.o(.text)
    DMA2_Stream3_IRQHandler                  0x08000297   Thumb Code     0  startup_stm32f427xx.o(.text)
    DMA2_Stream4_IRQHandler                  0x08000297   Thumb Code     0  startup_stm32f427xx.o(.text)
    DMA2_Stream5_IRQHandler                  0x08000297   Thumb Code     0  startup_stm32f427xx.o(.text)
    DMA2_Stream7_IRQHandler                  0x08000297   Thumb Code     0  startup_stm32f427xx.o(.text)
    ETH_IRQHandler                           0x08000297   Thumb Code     0  startup_stm32f427xx.o(.text)
    ETH_WKUP_IRQHandler                      0x08000297   Thumb Code     0  startup_stm32f427xx.o(.text)
    EXTI0_IRQHandler                         0x08000297   Thumb Code     0  startup_stm32f427xx.o(.text)
    EXTI15_10_IRQHandler                     0x08000297   Thumb Code     0  startup_stm32f427xx.o(.text)
    EXTI1_IRQHandler                         0x08000297   Thumb Code     0  startup_stm32f427xx.o(.text)
    EXTI2_IRQHandler                         0x08000297   Thumb Code     0  startup_stm32f427xx.o(.text)
    EXTI3_IRQHandler                         0x08000297   Thumb Code     0  startup_stm32f427xx.o(.text)
    EXTI4_IRQHandler                         0x08000297   Thumb Code     0  startup_stm32f427xx.o(.text)
    EXTI9_5_IRQHandler                       0x08000297   Thumb Code     0  startup_stm32f427xx.o(.text)
    FLASH_IRQHandler                         0x08000297   Thumb Code     0  startup_stm32f427xx.o(.text)
    FMC_IRQHandler                           0x08000297   Thumb Code     0  startup_stm32f427xx.o(.text)
    FPU_IRQHandler                           0x08000297   Thumb Code     0  startup_stm32f427xx.o(.text)
    HASH_RNG_IRQHandler                      0x08000297   Thumb Code     0  startup_stm32f427xx.o(.text)
    I2C1_ER_IRQHandler                       0x08000297   Thumb Code     0  startup_stm32f427xx.o(.text)
    I2C1_EV_IRQHandler                       0x08000297   Thumb Code     0  startup_stm32f427xx.o(.text)
    I2C2_ER_IRQHandler                       0x08000297   Thumb Code     0  startup_stm32f427xx.o(.text)
    I2C2_EV_IRQHandler                       0x08000297   Thumb Code     0  startup_stm32f427xx.o(.text)
    I2C3_ER_IRQHandler                       0x08000297   Thumb Code     0  startup_stm32f427xx.o(.text)
    I2C3_EV_IRQHandler                       0x08000297   Thumb Code     0  startup_stm32f427xx.o(.text)
    OTG_FS_IRQHandler                        0x08000297   Thumb Code     0  startup_stm32f427xx.o(.text)
    OTG_FS_WKUP_IRQHandler                   0x08000297   Thumb Code     0  startup_stm32f427xx.o(.text)
    OTG_HS_EP1_IN_IRQHandler                 0x08000297   Thumb Code     0  startup_stm32f427xx.o(.text)
    OTG_HS_EP1_OUT_IRQHandler                0x08000297   Thumb Code     0  startup_stm32f427xx.o(.text)
    OTG_HS_IRQHandler                        0x08000297   Thumb Code     0  startup_stm32f427xx.o(.text)
    OTG_HS_WKUP_IRQHandler                   0x08000297   Thumb Code     0  startup_stm32f427xx.o(.text)
    RCC_IRQHandler                           0x08000297   Thumb Code     0  startup_stm32f427xx.o(.text)
    RTC_Alarm_IRQHandler                     0x08000297   Thumb Code     0  startup_stm32f427xx.o(.text)
    RTC_WKUP_IRQHandler                      0x08000297   Thumb Code     0  startup_stm32f427xx.o(.text)
    SAI1_IRQHandler                          0x08000297   Thumb Code     0  startup_stm32f427xx.o(.text)
    SDIO_IRQHandler                          0x08000297   Thumb Code     0  startup_stm32f427xx.o(.text)
    SPI1_IRQHandler                          0x08000297   Thumb Code     0  startup_stm32f427xx.o(.text)
    SPI2_IRQHandler                          0x08000297   Thumb Code     0  startup_stm32f427xx.o(.text)
    SPI3_IRQHandler                          0x08000297   Thumb Code     0  startup_stm32f427xx.o(.text)
    SPI4_IRQHandler                          0x08000297   Thumb Code     0  startup_stm32f427xx.o(.text)
    SPI5_IRQHandler                          0x08000297   Thumb Code     0  startup_stm32f427xx.o(.text)
    SPI6_IRQHandler                          0x08000297   Thumb Code     0  startup_stm32f427xx.o(.text)
    TAMP_STAMP_IRQHandler                    0x08000297   Thumb Code     0  startup_stm32f427xx.o(.text)
    TIM1_BRK_TIM9_IRQHandler                 0x08000297   Thumb Code     0  startup_stm32f427xx.o(.text)
    TIM1_CC_IRQHandler                       0x08000297   Thumb Code     0  startup_stm32f427xx.o(.text)
    TIM1_TRG_COM_TIM11_IRQHandler            0x08000297   Thumb Code     0  startup_stm32f427xx.o(.text)
    TIM1_UP_TIM10_IRQHandler                 0x08000297   Thumb Code     0  startup_stm32f427xx.o(.text)
    TIM2_IRQHandler                          0x08000297   Thumb Code     0  startup_stm32f427xx.o(.text)
    TIM5_IRQHandler                          0x08000297   Thumb Code     0  startup_stm32f427xx.o(.text)
    TIM6_DAC_IRQHandler                      0x08000297   Thumb Code     0  startup_stm32f427xx.o(.text)
    TIM7_IRQHandler                          0x08000297   Thumb Code     0  startup_stm32f427xx.o(.text)
    TIM8_BRK_TIM12_IRQHandler                0x08000297   Thumb Code     0  startup_stm32f427xx.o(.text)
    TIM8_CC_IRQHandler                       0x08000297   Thumb Code     0  startup_stm32f427xx.o(.text)
    TIM8_TRG_COM_TIM14_IRQHandler            0x08000297   Thumb Code     0  startup_stm32f427xx.o(.text)
    TIM8_UP_TIM13_IRQHandler                 0x08000297   Thumb Code     0  startup_stm32f427xx.o(.text)
    UART4_IRQHandler                         0x08000297   Thumb Code     0  startup_stm32f427xx.o(.text)
    UART5_IRQHandler                         0x08000297   Thumb Code     0  startup_stm32f427xx.o(.text)
    UART7_IRQHandler                         0x08000297   Thumb Code     0  startup_stm32f427xx.o(.text)
    UART8_IRQHandler                         0x08000297   Thumb Code     0  startup_stm32f427xx.o(.text)
    USART1_IRQHandler                        0x08000297   Thumb Code     0  startup_stm32f427xx.o(.text)
    USART2_IRQHandler                        0x08000297   Thumb Code     0  startup_stm32f427xx.o(.text)
    USART3_IRQHandler                        0x08000297   Thumb Code     0  startup_stm32f427xx.o(.text)
    USART6_IRQHandler                        0x08000297   Thumb Code     0  startup_stm32f427xx.o(.text)
    WWDG_IRQHandler                          0x08000297   Thumb Code     0  startup_stm32f427xx.o(.text)
    __aeabi_uldivmod                         0x080002a1   Thumb Code    98  uldiv.o(.text)
    __aeabi_memcpy                           0x08000303   Thumb Code    36  memcpya.o(.text)
    __aeabi_memcpy4                          0x08000303   Thumb Code     0  memcpya.o(.text)
    __aeabi_memcpy8                          0x08000303   Thumb Code     0  memcpya.o(.text)
    __aeabi_memset                           0x08000327   Thumb Code    14  memseta.o(.text)
    __aeabi_memset4                          0x08000327   Thumb Code     0  memseta.o(.text)
    __aeabi_memset8                          0x08000327   Thumb Code     0  memseta.o(.text)
    __aeabi_memclr                           0x08000335   Thumb Code     4  memseta.o(.text)
    __aeabi_memclr4                          0x08000335   Thumb Code     0  memseta.o(.text)
    __aeabi_memclr8                          0x08000335   Thumb Code     0  memseta.o(.text)
    _memset$wrapper                          0x08000339   Thumb Code    18  memseta.o(.text)
    __aeabi_llsl                             0x0800034b   Thumb Code    30  llshl.o(.text)
    _ll_shift_l                              0x0800034b   Thumb Code     0  llshl.o(.text)
    __aeabi_llsr                             0x08000369   Thumb Code    32  llushr.o(.text)
    _ll_ushift_r                             0x08000369   Thumb Code     0  llushr.o(.text)
    __scatterload                            0x08000389   Thumb Code    28  init.o(.text)
    __scatterload_rt2                        0x08000389   Thumb Code     0  init.o(.text)
    __decompress                             0x080003ad   Thumb Code     0  __dczerorl2.o(.text)
    __decompress1                            0x080003ad   Thumb Code    86  __dczerorl2.o(.text)
    BusFault_Handler                         0x08000403   Thumb Code     2  stm32f4xx_it.o(i.BusFault_Handler)
    CAN1_RX0_IRQHandler                      0x08000405   Thumb Code     6  stm32f4xx_it.o(i.CAN1_RX0_IRQHandler)
    CAN1_TX_IRQHandler                       0x08000411   Thumb Code     6  stm32f4xx_it.o(i.CAN1_TX_IRQHandler)
    CAN2_RX0_IRQHandler                      0x0800041d   Thumb Code     6  stm32f4xx_it.o(i.CAN2_RX0_IRQHandler)
    CAN2_TX_IRQHandler                       0x08000429   Thumb Code     6  stm32f4xx_it.o(i.CAN2_TX_IRQHandler)
    ChassisMotorTask                         0x08000559   Thumb Code   416  main.o(i.ChassisMotorTask)
    DMA1_Stream5_IRQHandler                  0x0800071d   Thumb Code     6  stm32f4xx_it.o(i.DMA1_Stream5_IRQHandler)
    DMA1_Stream6_IRQHandler                  0x08000729   Thumb Code     6  stm32f4xx_it.o(i.DMA1_Stream6_IRQHandler)
    DMA2_Stream1_IRQHandler                  0x08000735   Thumb Code     6  stm32f4xx_it.o(i.DMA2_Stream1_IRQHandler)
    DMA2_Stream2_IRQHandler                  0x08000741   Thumb Code     6  stm32f4xx_it.o(i.DMA2_Stream2_IRQHandler)
    DMA2_Stream6_IRQHandler                  0x0800074d   Thumb Code     6  stm32f4xx_it.o(i.DMA2_Stream6_IRQHandler)
    DebugMon_Handler                         0x080007fd   Thumb Code     2  stm32f4xx_it.o(i.DebugMon_Handler)
    Func_LED0                                0x08000801   Thumb Code    26  main.o(i.Func_LED0)
    Func_LED1                                0x08000821   Thumb Code    22  main.o(i.Func_LED1)
    HAL_CAN_ConfigFilter                     0x0800083d   Thumb Code   244  stm32f4xx_hal_can.o(i.HAL_CAN_ConfigFilter)
    HAL_CAN_ErrorCallback                    0x08000935   Thumb Code     2  stm32f4xx_hal_can.o(i.HAL_CAN_ErrorCallback)
    HAL_CAN_IRQHandler                       0x08000939   Thumb Code   548  stm32f4xx_hal_can.o(i.HAL_CAN_IRQHandler)
    HAL_CAN_Init                             0x08000b6d   Thumb Code   332  stm32f4xx_hal_can.o(i.HAL_CAN_Init)
    HAL_CAN_MspInit                          0x08000cb9   Thumb Code   200  stm32f4xx_hal_msp.o(i.HAL_CAN_MspInit)
    HAL_CAN_Receive_IT                       0x08000d99   Thumb Code   184  stm32f4xx_hal_can.o(i.HAL_CAN_Receive_IT)
    HAL_CAN_RxCpltCallback                   0x08000e51   Thumb Code   106  bsp_can.o(i.HAL_CAN_RxCpltCallback)
    HAL_CAN_Transmit                         0x08000ed1   Thumb Code   428  stm32f4xx_hal_can.o(i.HAL_CAN_Transmit)
    HAL_CAN_TxCpltCallback                   0x08001089   Thumb Code     2  stm32f4xx_hal_can.o(i.HAL_CAN_TxCpltCallback)
    HAL_CRC_Init                             0x0800108b   Thumb Code    38  stm32f4xx_hal_crc.o(i.HAL_CRC_Init)
    HAL_CRC_MspInit                          0x080010b1   Thumb Code    30  stm32f4xx_hal_msp.o(i.HAL_CRC_MspInit)
    HAL_DMA_IRQHandler                       0x080010d9   Thumb Code   412  stm32f4xx_hal_dma.o(i.HAL_DMA_IRQHandler)
    HAL_DMA_Init                             0x08001279   Thumb Code   206  stm32f4xx_hal_dma.o(i.HAL_DMA_Init)
    HAL_DMA_Start_IT                         0x0800134d   Thumb Code   120  stm32f4xx_hal_dma.o(i.HAL_DMA_Start_IT)
    HAL_Delay                                0x080013c5   Thumb Code    28  stm32f4xx_hal.o(i.HAL_Delay)
    HAL_GPIO_Init                            0x080013e1   Thumb Code   422  stm32f4xx_hal_gpio.o(i.HAL_GPIO_Init)
    HAL_GPIO_TogglePin                       0x080015bd   Thumb Code     8  stm32f4xx_hal_gpio.o(i.HAL_GPIO_TogglePin)
    HAL_GPIO_WritePin                        0x080015c5   Thumb Code    10  stm32f4xx_hal_gpio.o(i.HAL_GPIO_WritePin)
    HAL_GetTick                              0x080015d1   Thumb Code     6  stm32f4xx_hal.o(i.HAL_GetTick)
    HAL_IncTick                              0x080015dd   Thumb Code    10  stm32f4xx_hal.o(i.HAL_IncTick)
    HAL_Init                                 0x080015ed   Thumb Code    48  stm32f4xx_hal.o(i.HAL_Init)
    HAL_InitTick                             0x08001621   Thumb Code   100  stm32f4xx_hal_timebase_tim.o(i.HAL_InitTick)
    HAL_MspInit                              0x08001695   Thumb Code   104  stm32f4xx_hal_msp.o(i.HAL_MspInit)
    HAL_NVIC_EnableIRQ                       0x080016fd   Thumb Code    22  stm32f4xx_hal_cortex.o(i.HAL_NVIC_EnableIRQ)
    HAL_NVIC_SetPriority                     0x08001715   Thumb Code    60  stm32f4xx_hal_cortex.o(i.HAL_NVIC_SetPriority)
    HAL_NVIC_SetPriorityGrouping             0x08001755   Thumb Code    26  stm32f4xx_hal_cortex.o(i.HAL_NVIC_SetPriorityGrouping)
    HAL_PWREx_EnableOverDrive                0x08001779   Thumb Code   100  stm32f4xx_hal_pwr_ex.o(i.HAL_PWREx_EnableOverDrive)
    HAL_PWR_PVDCallback                      0x080017e9   Thumb Code     2  stm32f4xx_hal_pwr.o(i.HAL_PWR_PVDCallback)
    HAL_PWR_PVD_IRQHandler                   0x080017ed   Thumb Code    22  stm32f4xx_hal_pwr.o(i.HAL_PWR_PVD_IRQHandler)
    HAL_RCC_ClockConfig                      0x08001809   Thumb Code   286  stm32f4xx_hal_rcc.o(i.HAL_RCC_ClockConfig)
    HAL_RCC_GetClockConfig                   0x08001939   Thumb Code    54  stm32f4xx_hal_rcc.o(i.HAL_RCC_GetClockConfig)
    HAL_RCC_GetHCLKFreq                      0x08001979   Thumb Code     6  stm32f4xx_hal_rcc.o(i.HAL_RCC_GetHCLKFreq)
    HAL_RCC_GetPCLK1Freq                     0x08001985   Thumb Code    20  stm32f4xx_hal_rcc.o(i.HAL_RCC_GetPCLK1Freq)
    HAL_RCC_GetPCLK2Freq                     0x080019a5   Thumb Code    20  stm32f4xx_hal_rcc.o(i.HAL_RCC_GetPCLK2Freq)
    HAL_RCC_GetSysClockFreq                  0x080019c5   Thumb Code    88  stm32f4xx_hal_rcc.o(i.HAL_RCC_GetSysClockFreq)
    HAL_RCC_OscConfig                        0x08001a29   Thumb Code   720  stm32f4xx_hal_rcc.o(i.HAL_RCC_OscConfig)
    HAL_SPI_Init                             0x08001d11   Thumb Code   128  stm32f4xx_hal_spi.o(i.HAL_SPI_Init)
    HAL_SPI_MspInit                          0x08001d91   Thumb Code    64  stm32f4xx_hal_msp.o(i.HAL_SPI_MspInit)
    HAL_SPI_TransmitReceive                  0x08001ddd   Thumb Code   458  stm32f4xx_hal_spi.o(i.HAL_SPI_TransmitReceive)
    HAL_SYSTICK_CLKSourceConfig              0x08001fa7   Thumb Code    24  stm32f4xx_hal_cortex.o(i.HAL_SYSTICK_CLKSourceConfig)
    HAL_SYSTICK_Config                       0x08001fbf   Thumb Code    40  stm32f4xx_hal_cortex.o(i.HAL_SYSTICK_Config)
    HAL_TIMEx_BreakCallback                  0x08001fe7   Thumb Code     2  stm32f4xx_hal_tim_ex.o(i.HAL_TIMEx_BreakCallback)
    HAL_TIMEx_CommutationCallback            0x08001fe9   Thumb Code     2  stm32f4xx_hal_tim_ex.o(i.HAL_TIMEx_CommutationCallback)
    HAL_TIMEx_MasterConfigSynchronization    0x08001feb   Thumb Code    80  stm32f4xx_hal_tim_ex.o(i.HAL_TIMEx_MasterConfigSynchronization)
    HAL_TIM_Base_Init                        0x0800203b   Thumb Code    54  stm32f4xx_hal_tim.o(i.HAL_TIM_Base_Init)
    HAL_TIM_Base_MspInit                     0x08002071   Thumb Code    50  stm32f4xx_hal_msp.o(i.HAL_TIM_Base_MspInit)
    HAL_TIM_Base_Start_IT                    0x080020ad   Thumb Code    24  stm32f4xx_hal_tim.o(i.HAL_TIM_Base_Start_IT)
    HAL_TIM_ConfigClockSource                0x080020c5   Thumb Code   240  stm32f4xx_hal_tim.o(i.HAL_TIM_ConfigClockSource)
    HAL_TIM_IC_CaptureCallback               0x080021b5   Thumb Code     2  stm32f4xx_hal_tim.o(i.HAL_TIM_IC_CaptureCallback)
    HAL_TIM_IRQHandler                       0x080021b7   Thumb Code   358  stm32f4xx_hal_tim.o(i.HAL_TIM_IRQHandler)
    HAL_TIM_OC_DelayElapsedCallback          0x0800231d   Thumb Code     2  stm32f4xx_hal_tim.o(i.HAL_TIM_OC_DelayElapsedCallback)
    HAL_TIM_PWM_PulseFinishedCallback        0x0800231f   Thumb Code     2  stm32f4xx_hal_tim.o(i.HAL_TIM_PWM_PulseFinishedCallback)
    HAL_TIM_PeriodElapsedCallback            0x08002321   Thumb Code    34  main.o(i.HAL_TIM_PeriodElapsedCallback)
    HAL_TIM_TriggerCallback                  0x0800234d   Thumb Code     2  stm32f4xx_hal_tim.o(i.HAL_TIM_TriggerCallback)
    HAL_UART_ErrorCallback                   0x0800234f   Thumb Code     2  stm32f4xx_hal_uart.o(i.HAL_UART_ErrorCallback)
    HAL_UART_Init                            0x08002351   Thumb Code    98  stm32f4xx_hal_uart.o(i.HAL_UART_Init)
    HAL_UART_MspInit                         0x080023b5   Thumb Code   452  stm32f4xx_hal_msp.o(i.HAL_UART_MspInit)
    HAL_UART_Receive_DMA                     0x080025cd   Thumb Code   138  stm32f4xx_hal_uart.o(i.HAL_UART_Receive_DMA)
    HAL_UART_RxCpltCallback                  0x08002665   Thumb Code     2  stm32f4xx_hal_uart.o(i.HAL_UART_RxCpltCallback)
    HAL_UART_RxHalfCpltCallback              0x08002667   Thumb Code     2  stm32f4xx_hal_uart.o(i.HAL_UART_RxHalfCpltCallback)
    HAL_UART_Transmit_DMA                    0x08002669   Thumb Code   116  stm32f4xx_hal_uart.o(i.HAL_UART_Transmit_DMA)
    HAL_UART_TxCpltCallback                  0x080026e9   Thumb Code     2  stm32f4xx_hal_uart.o(i.HAL_UART_TxCpltCallback)
    HAL_UART_TxHalfCpltCallback              0x080026eb   Thumb Code     2  stm32f4xx_hal_uart.o(i.HAL_UART_TxHalfCpltCallback)
    HardFault_Handler                        0x080026ed   Thumb Code     2  stm32f4xx_it.o(i.HardFault_Handler)
    IMU_Get_Data                             0x080026f1   Thumb Code   196  test_imu.o(i.IMU_Get_Data)
    IMU_init                                 0x080027bd   Thumb Code    28  test_imu.o(i.IMU_init)
    IMUfun                                   0x080027e5   Thumb Code     8  main.o(i.IMUfun)
    IST8310_Init                             0x080027ed   Thumb Code   242  test_imu.o(i.IST8310_Init)
    Init_Quaternion                          0x08002959   Thumb Code   350  test_imu.o(i.Init_Quaternion)
    MPU6500_Init                             0x08002b11   Thumb Code    68  test_imu.o(i.MPU6500_Init)
    MPU6500_Read_Reg                         0x08002b5d   Thumb Code    68  test_imu.o(i.MPU6500_Read_Reg)
    MPU6500_Read_Regs                        0x08002bad   Thumb Code    80  test_imu.o(i.MPU6500_Read_Regs)
    MPU6500_Write_Reg                        0x08002c09   Thumb Code    72  test_imu.o(i.MPU6500_Write_Reg)
    MemManage_Handler                        0x08002f61   Thumb Code     2  stm32f4xx_it.o(i.MemManage_Handler)
    NMI_Handler                              0x08002f63   Thumb Code     2  stm32f4xx_it.o(i.NMI_Handler)
    PID_struct_init                          0x08002f85   Thumb Code    16  pid.o(i.PID_struct_init)
    PVD_IRQHandler                           0x08002f9d   Thumb Code     4  stm32f4xx_it.o(i.PVD_IRQHandler)
    PrintFunc                                0x08002fa1   Thumb Code     8  main.o(i.PrintFunc)
    RemoteDataProcess                        0x08002fa9   Thumb Code   108  rc.o(i.RemoteDataProcess)
    SysTick_Handler                          0x080030cf   Thumb Code     4  stm32f4xx_it.o(i.SysTick_Handler)
    SystemClock_Config                       0x080030d5   Thumb Code   164  main.o(i.SystemClock_Config)
    SystemInit                               0x08003181   Thumb Code    66  system_stm32f4xx.o(i.SystemInit)
    TIM3_IRQHandler                          0x080031d5   Thumb Code     6  stm32f4xx_it.o(i.TIM3_IRQHandler)
    TIM4_IRQHandler                          0x080031e1   Thumb Code     6  stm32f4xx_it.o(i.TIM4_IRQHandler)
    TIM_Base_SetConfig                       0x080031ed   Thumb Code   148  stm32f4xx_hal_tim.o(i.TIM_Base_SetConfig)
    UsageFault_Handler                       0x080036b9   Thumb Code     2  stm32f4xx_it.o(i.UsageFault_Handler)
    WGfun                                    0x080036bb   Thumb Code     8  main.o(i.WGfun)
    _Error_Handler                           0x080036c3   Thumb Code     2  main.o(i._Error_Handler)
    __scatterload_copy                       0x080036c5   Thumb Code    14  handlers.o(i.__scatterload_copy)
    __scatterload_null                       0x080036d3   Thumb Code     2  handlers.o(i.__scatterload_null)
    __scatterload_zeroinit                   0x080036d5   Thumb Code    14  handlers.o(i.__scatterload_zeroinit)
    abs_limit                                0x080036e3   Thumb Code    42  pid.o(i.abs_limit)
    get_moto_measure                         0x0800370d   Thumb Code    84  bsp_can.o(i.get_moto_measure)
    get_moto_offset                          0x08003761   Thumb Code    12  bsp_can.o(i.get_moto_offset)
    main                                     0x0800376d   Thumb Code   364  main.o(i.main)
    my_can_filter_init_recv_all              0x08003909   Thumb Code    84  bsp_can.o(i.my_can_filter_init_recv_all)
    osDelay                                  0x08003969   Thumb Code    14  cmsis_os.o(i.osDelay)
    osKernelStart                            0x08003977   Thumb Code    10  cmsis_os.o(i.osKernelStart)
    osSystickHandler                         0x08003981   Thumb Code    20  cmsis_os.o(i.osSystickHandler)
    osThreadCreate                           0x08003995   Thumb Code    46  cmsis_os.o(i.osThreadCreate)
    pid_calc                                 0x080039c5   Thumb Code   444  pid.o(i.pid_calc)
    pvPortMalloc                             0x08003ee5   Thumb Code   210  heap_4.o(i.pvPortMalloc)
    pxPortInitialiseStack                    0x08003fbd   Thumb Code    40  port.o(i.pxPortInitialiseStack)
    set_moto_current                         0x08003fe9   Thumb Code    78  bsp_can.o(i.set_moto_current)
    uartTask                                 0x08004039   Thumb Code   174  main.o(i.uartTask)
    uxListRemove                             0x080040fd   Thumb Code    36  list.o(i.uxListRemove)
    vListInitialise                          0x08004121   Thumb Code    22  list.o(i.vListInitialise)
    vListInitialiseItem                      0x08004137   Thumb Code     6  list.o(i.vListInitialiseItem)
    vListInsert                              0x0800413d   Thumb Code    48  list.o(i.vListInsert)
    vListInsertEnd                           0x0800416d   Thumb Code    24  list.o(i.vListInsertEnd)
    vPortEnterCritical                       0x08004185   Thumb Code    54  port.o(i.vPortEnterCritical)
    vPortExitCritical                        0x080041c5   Thumb Code    34  port.o(i.vPortExitCritical)
    vPortFree                                0x080041ed   Thumb Code    88  heap_4.o(i.vPortFree)
    vPortSetupTimerInterrupt                 0x08004249   Thumb Code    26  port.o(i.vPortSetupTimerInterrupt)
    vTaskDelay                               0x08004269   Thumb Code    66  tasks.o(i.vTaskDelay)
    vTaskStartScheduler                      0x080042b5   Thumb Code    86  tasks.o(i.vTaskStartScheduler)
    vTaskSuspendAll                          0x0800431d   Thumb Code    10  tasks.o(i.vTaskSuspendAll)
    vTaskSwitchContext                       0x0800432d   Thumb Code    82  tasks.o(i.vTaskSwitchContext)
    xPortStartScheduler                      0x08004389   Thumb Code   208  port.o(i.xPortStartScheduler)
    xPortSysTickHandler                      0x0800446d   Thumb Code    38  port.o(i.xPortSysTickHandler)
    xTaskCreate                              0x08004499   Thumb Code    86  tasks.o(i.xTaskCreate)
    xTaskGetSchedulerState                   0x080044f1   Thumb Code    22  tasks.o(i.xTaskGetSchedulerState)
    xTaskIncrementTick                       0x0800450d   Thumb Code   192  tasks.o(i.xTaskIncrementTick)
    xTaskResumeAll                           0x080045d5   Thumb Code   182  tasks.o(i.xTaskResumeAll)
    AHBPrescTable                            0x08004740   Data          16  system_stm32f4xx.o(.constdata)
    APBPrescTable                            0x08004750   Data           8  system_stm32f4xx.o(.constdata)
    Region$$Table$$Base                      0x08004790   Number         0  anon$$obj.o(Region$$Table)
    Region$$Table$$Limit                     0x080047b0   Number         0  anon$$obj.o(Region$$Table)
    uwTick                                   0x20000000   Data           4  stm32f4xx_hal.o(.data)
    CH1                                      0x20000008   Data           4  main.o(.data)
    CH2                                      0x2000000c   Data           4  main.o(.data)
    CH3                                      0x20000010   Data           4  main.o(.data)
    CH4                                      0x20000014   Data           4  main.o(.data)
    L_X                                      0x20000018   Data           4  main.o(.data)
    L_Y                                      0x2000001c   Data           4  main.o(.data)
    R_X                                      0x20000020   Data           4  main.o(.data)
    R_Y                                      0x20000024   Data           4  main.o(.data)
    max_rpm                                  0x20000028   Data           4  main.o(.data)
    LED0Handle                               0x20000030   Data           4  main.o(.data)
    LED1Handle                               0x20000034   Data           4  main.o(.data)
    myTask03Handle                           0x20000038   Data           4  main.o(.data)
    PrintNameHandle                          0x2000003c   Data           4  main.o(.data)
    updateHandle                             0x20000040   Data           4  main.o(.data)
    WGHandle                                 0x20000044   Data           4  main.o(.data)
    IMUHandle                                0x20000048   Data           4  main.o(.data)
    hcrc                                     0x2000004c   Data           8  main.o(.data)
    aRxBuffer                                0x20000054   Data          18  main.o(.data)
    pxCurrentTCB                             0x2000008c   Data           4  tasks.o(.data)
    tx_buffer1                               0x200000c9   Data          10  usart.o(.data)
    rx_buffer1                               0x200000d3   Data          10  usart.o(.data)
    MPU_id                                   0x200000e0   Data           1  test_imu.o(.data)
    q0                                       0x200000e8   Data           4  test_imu.o(.data)
    q1                                       0x200000ec   Data           4  test_imu.o(.data)
    q2                                       0x200000f0   Data           4  test_imu.o(.data)
    q3                                       0x200000f4   Data           4  test_imu.o(.data)
    y_ratio                                  0x200000f8   Data           4  test_imu.o(.data)
    mx_offset                                0x200000fc   Data           4  test_imu.o(.data)
    my_offset                                0x20000100   Data           4  test_imu.o(.data)
    mx_real                                  0x20000104   Data           4  test_imu.o(.data)
    my_real                                  0x20000108   Data           4  test_imu.o(.data)
    mz_real                                  0x2000010c   Data           4  test_imu.o(.data)
    exInt                                    0x20000110   Data           4  test_imu.o(.data)
    eyInt                                    0x20000114   Data           4  test_imu.o(.data)
    ezInt                                    0x20000118   Data           4  test_imu.o(.data)
    lastUpdate                               0x20000140   Data           4  test_imu.o(.data)
    now                                      0x20000144   Data           4  test_imu.o(.data)
    yaw_angle                                0x20000148   Data           4  test_imu.o(.data)
    pitch_angle                              0x2000014c   Data           4  test_imu.o(.data)
    roll_angle                               0x20000150   Data           4  test_imu.o(.data)
    SystemCoreClock                          0x20000164   Data           4  system_stm32f4xx.o(.data)
    hcan1                                    0x20000168   Data          68  main.o(.bss)
    hcan2                                    0x200001ac   Data          68  main.o(.bss)
    hspi5                                    0x200001f0   Data          88  main.o(.bss)
    htim3                                    0x20000248   Data          60  main.o(.bss)
    huart1                                   0x20000284   Data          64  main.o(.bss)
    huart2                                   0x200002c4   Data          64  main.o(.bss)
    huart6                                   0x20000304   Data          64  main.o(.bss)
    hdma_usart1_rx                           0x20000344   Data          96  main.o(.bss)
    set_spd                                  0x200003a4   Data          16  main.o(.bss)
    hdma_usart2_rx                           0x200003b4   Data          96  main.o(.bss)
    hdma_usart2_tx                           0x20000414   Data          96  main.o(.bss)
    hdma_usart6_rx                           0x20000474   Data          96  main.o(.bss)
    hdma_usart6_tx                           0x200004d4   Data          96  main.o(.bss)
    htim4                                    0x20000534   Data          60  stm32f4xx_hal_timebase_tim.o(.bss)
    moto_chassis                             0x20004260   Data         176  bsp_can.o(.bss)
    moto_info                                0x20004390   Data          44  bsp_can.o(.bss)
    pid_spd                                  0x200043bc   Data         432  pid.o(.bss)
    RC_CtrlData                              0x2000456c   Data          20  rc.o(.bss)
    imu_data                                 0x20004580   Data          20  test_imu.o(.bss)
    imu_data_offset                          0x20004594   Data          20  test_imu.o(.bss)
    mygetqval                                0x200045a8   Data          36  test_imu.o(.bss)
    __initial_sp                             0x200049e0   Data           0  startup_stm32f427xx.o(STACK)



==============================================================================

Memory Map of the image

  Image Entry point : 0x080001ad

  Load Region LR_IROM1 (Base: 0x08000000, Size: 0x00004918, Max: 0x00200000, ABSOLUTE, COMPRESSED[0x000047dc])

    Execution Region ER_IROM1 (Base: 0x08000000, Size: 0x000047b0, Max: 0x00200000, ABSOLUTE)

    Base Addr    Size         Type   Attr      Idx    E Section Name        Object

    0x08000000   0x000001ac   Data   RO            3    RESET               startup_stm32f427xx.o
    0x080001ac   0x00000000   Code   RO         5060  * .ARM.Collect$$$$00000000  mc_w.l(entry.o)
    0x080001ac   0x00000004   Code   RO         5383    .ARM.Collect$$$$00000001  mc_w.l(entry2.o)
    0x080001b0   0x00000004   Code   RO         5386    .ARM.Collect$$$$00000004  mc_w.l(entry5.o)
    0x080001b4   0x00000000   Code   RO         5388    .ARM.Collect$$$$00000008  mc_w.l(entry7b.o)
    0x080001b4   0x00000000   Code   RO         5390    .ARM.Collect$$$$0000000A  mc_w.l(entry8b.o)
    0x080001b4   0x00000008   Code   RO         5391    .ARM.Collect$$$$0000000B  mc_w.l(entry9a.o)
    0x080001bc   0x00000000   Code   RO         5393    .ARM.Collect$$$$0000000D  mc_w.l(entry10a.o)
    0x080001bc   0x00000000   Code   RO         5395    .ARM.Collect$$$$0000000F  mc_w.l(entry11a.o)
    0x080001bc   0x00000004   Code   RO         5384    .ARM.Collect$$$$00002712  mc_w.l(entry2.o)
    0x080001c0   0x000000ba   Code   RO         3613    .emb_text           port.o
    0x0800027a   0x00000002   PAD
    0x0800027c   0x00000024   Code   RO            4    .text               startup_stm32f427xx.o
    0x080002a0   0x00000062   Code   RO         5063    .text               mc_w.l(uldiv.o)
    0x08000302   0x00000024   Code   RO         5065    .text               mc_w.l(memcpya.o)
    0x08000326   0x00000024   Code   RO         5067    .text               mc_w.l(memseta.o)
    0x0800034a   0x0000001e   Code   RO         5399    .text               mc_w.l(llshl.o)
    0x08000368   0x00000020   Code   RO         5401    .text               mc_w.l(llushr.o)
    0x08000388   0x00000024   Code   RO         5427    .text               mc_w.l(init.o)
    0x080003ac   0x00000056   Code   RO         5439    .text               mc_w.l(__dczerorl2.o)
    0x08000402   0x00000002   Code   RO         3019    i.BusFault_Handler  stm32f4xx_it.o
    0x08000404   0x0000000c   Code   RO         3020    i.CAN1_RX0_IRQHandler  stm32f4xx_it.o
    0x08000410   0x0000000c   Code   RO         3021    i.CAN1_TX_IRQHandler  stm32f4xx_it.o
    0x0800041c   0x0000000c   Code   RO         3022    i.CAN2_RX0_IRQHandler  stm32f4xx_it.o
    0x08000428   0x0000000c   Code   RO         3023    i.CAN2_TX_IRQHandler  stm32f4xx_it.o
    0x08000434   0x00000124   Code   RO         2074    i.CAN_Receive_IT    stm32f4xx_hal_can.o
    0x08000558   0x000001c4   Code   RO         3200    i.ChassisMotorTask  main.o
    0x0800071c   0x0000000c   Code   RO         3024    i.DMA1_Stream5_IRQHandler  stm32f4xx_it.o
    0x08000728   0x0000000c   Code   RO         3025    i.DMA1_Stream6_IRQHandler  stm32f4xx_it.o
    0x08000734   0x0000000c   Code   RO         3026    i.DMA2_Stream1_IRQHandler  stm32f4xx_it.o
    0x08000740   0x0000000c   Code   RO         3027    i.DMA2_Stream2_IRQHandler  stm32f4xx_it.o
    0x0800074c   0x0000000c   Code   RO         3028    i.DMA2_Stream6_IRQHandler  stm32f4xx_it.o
    0x08000758   0x00000028   Code   RO         1848    i.DMA_CalcBaseAndBitshift  stm32f4xx_hal_dma.o
    0x08000780   0x00000054   Code   RO         1849    i.DMA_CheckFifoParam  stm32f4xx_hal_dma.o
    0x080007d4   0x00000028   Code   RO         1850    i.DMA_SetConfig     stm32f4xx_hal_dma.o
    0x080007fc   0x00000002   Code   RO         3029    i.DebugMon_Handler  stm32f4xx_it.o
    0x080007fe   0x00000002   PAD
    0x08000800   0x00000020   Code   RO         3201    i.Func_LED0         main.o
    0x08000820   0x0000001c   Code   RO         3202    i.Func_LED1         main.o
    0x0800083c   0x000000f8   Code   RO         2075    i.HAL_CAN_ConfigFilter  stm32f4xx_hal_can.o
    0x08000934   0x00000002   Code   RO         2077    i.HAL_CAN_ErrorCallback  stm32f4xx_hal_can.o
    0x08000936   0x00000002   PAD
    0x08000938   0x00000234   Code   RO         2080    i.HAL_CAN_IRQHandler  stm32f4xx_hal_can.o
    0x08000b6c   0x0000014c   Code   RO         2081    i.HAL_CAN_Init      stm32f4xx_hal_can.o
    0x08000cb8   0x000000e0   Code   RO         2933    i.HAL_CAN_MspInit   stm32f4xx_hal_msp.o
    0x08000d98   0x000000b8   Code   RO         2085    i.HAL_CAN_Receive_IT  stm32f4xx_hal_can.o
    0x08000e50   0x00000080   Code   RO         4572    i.HAL_CAN_RxCpltCallback  bsp_can.o
    0x08000ed0   0x000001b8   Code   RO         2088    i.HAL_CAN_Transmit  stm32f4xx_hal_can.o
    0x08001088   0x00000002   Code   RO         2090    i.HAL_CAN_TxCpltCallback  stm32f4xx_hal_can.o
    0x0800108a   0x00000026   Code   RO         2529    i.HAL_CRC_Init      stm32f4xx_hal_crc.o
    0x080010b0   0x00000028   Code   RO         2935    i.HAL_CRC_MspInit   stm32f4xx_hal_msp.o
    0x080010d8   0x000001a0   Code   RO         1856    i.HAL_DMA_IRQHandler  stm32f4xx_hal_dma.o
    0x08001278   0x000000d4   Code   RO         1857    i.HAL_DMA_Init      stm32f4xx_hal_dma.o
    0x0800134c   0x00000078   Code   RO         1861    i.HAL_DMA_Start_IT  stm32f4xx_hal_dma.o
    0x080013c4   0x0000001c   Code   RO         1308    i.HAL_Delay         stm32f4xx_hal.o
    0x080013e0   0x000001dc   Code   RO          389    i.HAL_GPIO_Init     stm32f4xx_hal_gpio.o
    0x080015bc   0x00000008   Code   RO          392    i.HAL_GPIO_TogglePin  stm32f4xx_hal_gpio.o
    0x080015c4   0x0000000a   Code   RO          393    i.HAL_GPIO_WritePin  stm32f4xx_hal_gpio.o
    0x080015ce   0x00000002   PAD
    0x080015d0   0x0000000c   Code   RO         1316    i.HAL_GetTick       stm32f4xx_hal.o
    0x080015dc   0x00000010   Code   RO         1318    i.HAL_IncTick       stm32f4xx_hal.o
    0x080015ec   0x00000034   Code   RO         1319    i.HAL_Init          stm32f4xx_hal.o
    0x08001620   0x00000074   Code   RO         3372    i.HAL_InitTick      stm32f4xx_hal_timebase_tim.o
    0x08001694   0x00000068   Code   RO         2936    i.HAL_MspInit       stm32f4xx_hal_msp.o
    0x080016fc   0x00000016   Code   RO          142    i.HAL_NVIC_EnableIRQ  stm32f4xx_hal_cortex.o
    0x08001712   0x00000002   PAD
    0x08001714   0x00000040   Code   RO          148    i.HAL_NVIC_SetPriority  stm32f4xx_hal_cortex.o
    0x08001754   0x00000024   Code   RO          149    i.HAL_NVIC_SetPriorityGrouping  stm32f4xx_hal_cortex.o
    0x08001778   0x00000070   Code   RO          320    i.HAL_PWREx_EnableOverDrive  stm32f4xx_hal_pwr_ex.o
    0x080017e8   0x00000002   Code   RO         1969    i.HAL_PWR_PVDCallback  stm32f4xx_hal_pwr.o
    0x080017ea   0x00000002   PAD
    0x080017ec   0x0000001c   Code   RO         1970    i.HAL_PWR_PVD_IRQHandler  stm32f4xx_hal_pwr.o
    0x08001808   0x00000130   Code   RO         1467    i.HAL_RCC_ClockConfig  stm32f4xx_hal_rcc.o
    0x08001938   0x00000040   Code   RO         1471    i.HAL_RCC_GetClockConfig  stm32f4xx_hal_rcc.o
    0x08001978   0x0000000c   Code   RO         1472    i.HAL_RCC_GetHCLKFreq  stm32f4xx_hal_rcc.o
    0x08001984   0x00000020   Code   RO         1474    i.HAL_RCC_GetPCLK1Freq  stm32f4xx_hal_rcc.o
    0x080019a4   0x00000020   Code   RO         1475    i.HAL_RCC_GetPCLK2Freq  stm32f4xx_hal_rcc.o
    0x080019c4   0x00000064   Code   RO         1476    i.HAL_RCC_GetSysClockFreq  stm32f4xx_hal_rcc.o
    0x08001a28   0x000002e8   Code   RO         1479    i.HAL_RCC_OscConfig  stm32f4xx_hal_rcc.o
    0x08001d10   0x00000080   Code   RO         2626    i.HAL_SPI_Init      stm32f4xx_hal_spi.o
    0x08001d90   0x0000004c   Code   RO         2938    i.HAL_SPI_MspInit   stm32f4xx_hal_msp.o
    0x08001ddc   0x000001ca   Code   RO         2635    i.HAL_SPI_TransmitReceive  stm32f4xx_hal_spi.o
    0x08001fa6   0x00000018   Code   RO          151    i.HAL_SYSTICK_CLKSourceConfig  stm32f4xx_hal_cortex.o
    0x08001fbe   0x00000028   Code   RO          153    i.HAL_SYSTICK_Config  stm32f4xx_hal_cortex.o
    0x08001fe6   0x00000002   Code   RO         1609    i.HAL_TIMEx_BreakCallback  stm32f4xx_hal_tim_ex.o
    0x08001fe8   0x00000002   Code   RO         1610    i.HAL_TIMEx_CommutationCallback  stm32f4xx_hal_tim_ex.o
    0x08001fea   0x00000050   Code   RO         1626    i.HAL_TIMEx_MasterConfigSynchronization  stm32f4xx_hal_tim_ex.o
    0x0800203a   0x00000036   Code   RO          454    i.HAL_TIM_Base_Init  stm32f4xx_hal_tim.o
    0x08002070   0x0000003c   Code   RO         2940    i.HAL_TIM_Base_MspInit  stm32f4xx_hal_msp.o
    0x080020ac   0x00000018   Code   RO          459    i.HAL_TIM_Base_Start_IT  stm32f4xx_hal_tim.o
    0x080020c4   0x000000f0   Code   RO          463    i.HAL_TIM_ConfigClockSource  stm32f4xx_hal_tim.o
    0x080021b4   0x00000002   Code   RO          483    i.HAL_TIM_IC_CaptureCallback  stm32f4xx_hal_tim.o
    0x080021b6   0x00000166   Code   RO          496    i.HAL_TIM_IRQHandler  stm32f4xx_hal_tim.o
    0x0800231c   0x00000002   Code   RO          499    i.HAL_TIM_OC_DelayElapsedCallback  stm32f4xx_hal_tim.o
    0x0800231e   0x00000002   Code   RO          526    i.HAL_TIM_PWM_PulseFinishedCallback  stm32f4xx_hal_tim.o
    0x08002320   0x0000002c   Code   RO         3203    i.HAL_TIM_PeriodElapsedCallback  main.o
    0x0800234c   0x00000002   Code   RO          537    i.HAL_TIM_TriggerCallback  stm32f4xx_hal_tim.o
    0x0800234e   0x00000002   Code   RO         2220    i.HAL_UART_ErrorCallback  stm32f4xx_hal_uart.o
    0x08002350   0x00000062   Code   RO         2224    i.HAL_UART_Init     stm32f4xx_hal_uart.o
    0x080023b2   0x00000002   PAD
    0x080023b4   0x00000218   Code   RO         2942    i.HAL_UART_MspInit  stm32f4xx_hal_msp.o
    0x080025cc   0x00000098   Code   RO         2228    i.HAL_UART_Receive_DMA  stm32f4xx_hal_uart.o
    0x08002664   0x00000002   Code   RO         2230    i.HAL_UART_RxCpltCallback  stm32f4xx_hal_uart.o
    0x08002666   0x00000002   Code   RO         2231    i.HAL_UART_RxHalfCpltCallback  stm32f4xx_hal_uart.o
    0x08002668   0x00000080   Code   RO         2233    i.HAL_UART_Transmit_DMA  stm32f4xx_hal_uart.o
    0x080026e8   0x00000002   Code   RO         2235    i.HAL_UART_TxCpltCallback  stm32f4xx_hal_uart.o
    0x080026ea   0x00000002   Code   RO         2236    i.HAL_UART_TxHalfCpltCallback  stm32f4xx_hal_uart.o
    0x080026ec   0x00000002   Code   RO         3030    i.HardFault_Handler  stm32f4xx_it.o
    0x080026ee   0x00000002   PAD
    0x080026f0   0x000000cc   Code   RO         4808    i.IMU_Get_Data      test_imu.o
    0x080027bc   0x00000028   Code   RO         4813    i.IMU_init          test_imu.o
    0x080027e4   0x00000008   Code   RO         3204    i.IMUfun            main.o
    0x080027ec   0x000000f2   Code   RO         4814    i.IST8310_Init      test_imu.o
    0x080028de   0x00000038   Code   RO         4815    i.IST_Reg_Read_By_MPU  test_imu.o
    0x08002916   0x00000042   Code   RO         4816    i.IST_Reg_Write_By_MPU  test_imu.o
    0x08002958   0x000001b8   Code   RO         4817    i.Init_Quaternion   test_imu.o
    0x08002b10   0x0000004c   Code   RO         4818    i.MPU6500_Init      test_imu.o
    0x08002b5c   0x00000050   Code   RO         4819    i.MPU6500_Read_Reg  test_imu.o
    0x08002bac   0x0000005c   Code   RO         4820    i.MPU6500_Read_Regs  test_imu.o
    0x08002c08   0x00000054   Code   RO         4823    i.MPU6500_Write_Reg  test_imu.o
    0x08002c5c   0x0000008e   Code   RO         4824    i.MPU_Auto_Read_IST_config  test_imu.o
    0x08002cea   0x00000002   PAD
    0x08002cec   0x00000040   Code   RO         3205    i.MX_CAN1_Init      main.o
    0x08002d2c   0x00000044   Code   RO         3206    i.MX_CAN2_Init      main.o
    0x08002d70   0x0000007c   Code   RO         3207    i.MX_DMA_Init       main.o
    0x08002dec   0x000000e4   Code   RO         3208    i.MX_GPIO_Init      main.o
    0x08002ed0   0x00000040   Code   RO         3209    i.MX_SPI5_Init      main.o
    0x08002f10   0x00000050   Code   RO         3210    i.MX_TIM3_Init      main.o
    0x08002f60   0x00000002   Code   RO         3031    i.MemManage_Handler  stm32f4xx_it.o
    0x08002f62   0x00000002   Code   RO         3032    i.NMI_Handler       stm32f4xx_it.o
    0x08002f64   0x00000020   Code   RO          155    i.NVIC_SetPriority  stm32f4xx_hal_cortex.o
    0x08002f84   0x00000018   Code   RO         4656    i.PID_struct_init   pid.o
    0x08002f9c   0x00000004   Code   RO         3033    i.PVD_IRQHandler    stm32f4xx_it.o
    0x08002fa0   0x00000008   Code   RO         3211    i.PrintFunc         main.o
    0x08002fa8   0x00000070   Code   RO         4770    i.RemoteDataProcess  rc.o
    0x08003018   0x00000020   Code   RO         2650    i.SPI_CheckFlag_BSY  stm32f4xx_hal_spi.o
    0x08003038   0x00000096   Code   RO         2668    i.SPI_WaitFlagStateUntilTimeout  stm32f4xx_hal_spi.o
    0x080030ce   0x00000004   Code   RO         3034    i.SysTick_Handler   stm32f4xx_it.o
    0x080030d2   0x00000002   PAD
    0x080030d4   0x000000ac   Code   RO         3212    i.SystemClock_Config  main.o
    0x08003180   0x00000054   Code   RO         4988    i.SystemInit        system_stm32f4xx.o
    0x080031d4   0x0000000c   Code   RO         3035    i.TIM3_IRQHandler   stm32f4xx_it.o
    0x080031e0   0x0000000c   Code   RO         3036    i.TIM4_IRQHandler   stm32f4xx_it.o
    0x080031ec   0x000000c0   Code   RO          538    i.TIM_Base_SetConfig  stm32f4xx_hal_tim.o
    0x080032ac   0x00000014   Code   RO          545    i.TIM_ETR_SetConfig  stm32f4xx_hal_tim.o
    0x080032c0   0x00000010   Code   RO          546    i.TIM_ITRx_SetConfig  stm32f4xx_hal_tim.o
    0x080032d0   0x00000022   Code   RO          552    i.TIM_TI1_ConfigInputStage  stm32f4xx_hal_tim.o
    0x080032f2   0x00000024   Code   RO          554    i.TIM_TI2_ConfigInputStage  stm32f4xx_hal_tim.o
    0x08003316   0x0000004a   Code   RO         2238    i.UART_DMAError     stm32f4xx_hal_uart.o
    0x08003360   0x0000003c   Code   RO         2239    i.UART_DMAReceiveCplt  stm32f4xx_hal_uart.o
    0x0800339c   0x0000000a   Code   RO         2241    i.UART_DMARxHalfCplt  stm32f4xx_hal_uart.o
    0x080033a6   0x0000002e   Code   RO         2243    i.UART_DMATransmitCplt  stm32f4xx_hal_uart.o
    0x080033d4   0x0000000a   Code   RO         2245    i.UART_DMATxHalfCplt  stm32f4xx_hal_uart.o
    0x080033de   0x0000001c   Code   RO         2247    i.UART_EndRxTransfer  stm32f4xx_hal_uart.o
    0x080033fa   0x00000012   Code   RO         2248    i.UART_EndTxTransfer  stm32f4xx_hal_uart.o
    0x0800340c   0x000002ac   Code   RO         2250    i.UART_SetConfig    stm32f4xx_hal_uart.o
    0x080036b8   0x00000002   Code   RO         3037    i.UsageFault_Handler  stm32f4xx_it.o
    0x080036ba   0x00000008   Code   RO         3213    i.WGfun             main.o
    0x080036c2   0x00000002   Code   RO         3214    i._Error_Handler    main.o
    0x080036c4   0x0000000e   Code   RO         5433    i.__scatterload_copy  mc_w.l(handlers.o)
    0x080036d2   0x00000002   Code   RO         5434    i.__scatterload_null  mc_w.l(handlers.o)
    0x080036d4   0x0000000e   Code   RO         5435    i.__scatterload_zeroinit  mc_w.l(handlers.o)
    0x080036e2   0x0000002a   Code   RO         4657    i.abs_limit         pid.o
    0x0800370c   0x00000054   Code   RO         4575    i.get_moto_measure  bsp_can.o
    0x08003760   0x0000000c   Code   RO         4576    i.get_moto_offset   bsp_can.o
    0x0800376c   0x00000190   Code   RO         3215    i.main              main.o
    0x080038fc   0x0000000c   Code   RO         4196    i.makeFreeRtosPriority  cmsis_os.o
    0x08003908   0x00000060   Code   RO         4578    i.my_can_filter_init_recv_all  bsp_can.o
    0x08003968   0x0000000e   Code   RO         4198    i.osDelay           cmsis_os.o
    0x08003976   0x0000000a   Code   RO         4201    i.osKernelStart     cmsis_os.o
    0x08003980   0x00000014   Code   RO         4234    i.osSystickHandler  cmsis_os.o
    0x08003994   0x0000002e   Code   RO         4235    i.osThreadCreate    cmsis_os.o
    0x080039c2   0x00000002   PAD
    0x080039c4   0x000001c0   Code   RO         4658    i.pid_calc          pid.o
    0x08003b84   0x0000000e   Code   RO         4659    i.pid_param_init    pid.o
    0x08003b92   0x00000006   Code   RO         4660    i.pid_reset         pid.o
    0x08003b98   0x00000070   Code   RO         3833    i.prvAddCurrentTaskToDelayedList  tasks.o
    0x08003c08   0x000000d0   Code   RO         3834    i.prvAddNewTaskToReadyList  tasks.o
    0x08003cd8   0x00000054   Code   RO         3835    i.prvCheckTasksWaitingTermination  tasks.o
    0x08003d2c   0x00000014   Code   RO         3836    i.prvDeleteTCB      tasks.o
    0x08003d40   0x0000004c   Code   RO         3770    i.prvHeapInit       heap_4.o
    0x08003d8c   0x00000028   Code   RO         3837    i.prvIdleTask       tasks.o
    0x08003db4   0x0000009c   Code   RO         3838    i.prvInitialiseNewTask  tasks.o
    0x08003e50   0x0000004c   Code   RO         3771    i.prvInsertBlockIntoFreeList  heap_4.o
    0x08003e9c   0x00000020   Code   RO         3840    i.prvResetNextTaskUnblockTime  tasks.o
    0x08003ebc   0x00000028   Code   RO         3614    i.prvTaskExitError  port.o
    0x08003ee4   0x000000d8   Code   RO         3772    i.pvPortMalloc      heap_4.o
    0x08003fbc   0x0000002c   Code   RO         3615    i.pxPortInitialiseStack  port.o
    0x08003fe8   0x0000004e   Code   RO         4579    i.set_moto_current  bsp_can.o
    0x08004036   0x00000002   PAD
    0x08004038   0x000000c4   Code   RO         3216    i.uartTask          main.o
    0x080040fc   0x00000024   Code   RO         4156    i.uxListRemove      list.o
    0x08004120   0x00000016   Code   RO         4157    i.vListInitialise   list.o
    0x08004136   0x00000006   Code   RO         4158    i.vListInitialiseItem  list.o
    0x0800413c   0x00000030   Code   RO         4159    i.vListInsert       list.o
    0x0800416c   0x00000018   Code   RO         4160    i.vListInsertEnd    list.o
    0x08004184   0x00000040   Code   RO         3617    i.vPortEnterCritical  port.o
    0x080041c4   0x00000028   Code   RO         3618    i.vPortExitCritical  port.o
    0x080041ec   0x0000005c   Code   RO         3773    i.vPortFree         heap_4.o
    0x08004248   0x00000020   Code   RO         3619    i.vPortSetupTimerInterrupt  port.o
    0x08004268   0x0000004c   Code   RO         3850    i.vTaskDelay        tasks.o
    0x080042b4   0x00000068   Code   RO         3864    i.vTaskStartScheduler  tasks.o
    0x0800431c   0x00000010   Code   RO         3866    i.vTaskSuspendAll   tasks.o
    0x0800432c   0x0000005c   Code   RO         3867    i.vTaskSwitchContext  tasks.o
    0x08004388   0x000000e4   Code   RO         3621    i.xPortStartScheduler  port.o
    0x0800446c   0x0000002c   Code   RO         3622    i.xPortSysTickHandler  port.o
    0x08004498   0x00000056   Code   RO         3869    i.xTaskCreate       tasks.o
    0x080044ee   0x00000002   PAD
    0x080044f0   0x0000001c   Code   RO         3873    i.xTaskGetSchedulerState  tasks.o
    0x0800450c   0x000000c8   Code   RO         3876    i.xTaskIncrementTick  tasks.o
    0x080045d4   0x000000c4   Code   RO         3882    i.xTaskResumeAll    tasks.o
    0x08004698   0x00000008   Data   RO         1863    .constdata          stm32f4xx_hal_dma.o
    0x080046a0   0x0000008c   Data   RO         3223    .constdata          main.o
    0x0800472c   0x00000014   Data   RO         4833    .constdata          test_imu.o
    0x08004740   0x00000010   Data   RO         4989    .constdata          system_stm32f4xx.o
    0x08004750   0x00000008   Data   RO         4990    .constdata          system_stm32f4xx.o
    0x08004758   0x00000037   Data   RO         3224    .conststring        main.o
    0x0800478f   0x00000001   PAD
    0x08004790   0x00000020   Data   RO         5431    Region$$Table       anon$$obj.o


    Execution Region RW_IRAM1 (Base: 0x20000000, Size: 0x000049e0, Max: 0x00030000, ABSOLUTE, COMPRESSED[0x0000002c])

    Base Addr    Size         Type   Attr      Idx    E Section Name        Object

    0x20000000   0x00000004   Data   RW         1325    .data               stm32f4xx_hal.o
    0x20000004   0x00000004   Data   RW         2943    .data               stm32f4xx_hal_msp.o
    0x20000008   0x0000005e   Data   RW         3226    .data               main.o
    0x20000066   0x00000002   PAD
    0x20000068   0x0000000c   Data   RW         3623    .data               port.o
    0x20000074   0x00000018   Data   RW         3778    .data               heap_4.o
    0x2000008c   0x0000003c   Data   RW         3885    .data               tasks.o
    0x200000c8   0x00000001   Data   RW         4581    .data               bsp_can.o
    0x200000c9   0x0000000a   Data   RW         4729    .data               usart.o
    0x200000d3   0x0000000a   Data   RW         4730    .data               usart.o
    0x200000dd   0x00000003   PAD
    0x200000e0   0x00000082   Data   RW         4834    .data               test_imu.o
    0x20000162   0x00000002   PAD
    0x20000164   0x00000004   Data   RW         4991    .data               system_stm32f4xx.o
    0x20000168   0x0000024c   Zero   RW         3217    .bss                main.o
    0x200003b4   0x00000060   Zero   RW         3219    .bss                main.o
    0x20000414   0x00000060   Zero   RW         3220    .bss                main.o
    0x20000474   0x00000060   Zero   RW         3221    .bss                main.o
    0x200004d4   0x00000060   Zero   RW         3222    .bss                main.o
    0x20000534   0x0000003c   Zero   RW         3375    .bss                stm32f4xx_hal_timebase_tim.o
    0x20000570   0x00003c00   Zero   RW         3777    .bss                heap_4.o
    0x20004170   0x000000f0   Zero   RW         3884    .bss                tasks.o
    0x20004260   0x0000015c   Zero   RW         4580    .bss                bsp_can.o
    0x200043bc   0x000001b0   Zero   RW         4665    .bss                pid.o
    0x2000456c   0x00000014   Zero   RW         4773    .bss                rc.o
    0x20004580   0x0000005c   Zero   RW         4831    .bss                test_imu.o
    0x200045dc   0x00000004   PAD
    0x200045e0   0x00000400   Zero   RW            1    STACK               startup_stm32f427xx.o


==============================================================================

Image component sizes


      Code (inc. data)   RO Data    RW Data    ZI Data      Debug   Object Name

       398         34          0          1        348       6516   bsp_can.o
       102          0          0          0          0      13728   cmsis_os.o
       460         24          0         24      15360       7739   heap_4.o
       136          0          0          0          0       3826   list.o
      1978        180        195         94        972      13318   main.o
       534         12          0          0        432       5516   pid.o
       678         72          0         12          0      11548   port.o
         0          0          0          0          0       9664   queue.o
       112          4          0          0         20       2445   rc.o
        36          8        428          0       1024        876   startup_stm32f427xx.o
       108         16          0          4          0       4052   stm32f4xx_hal.o
      2064         32          0          0          0       8616   stm32f4xx_hal_can.o
       218         14          0          0          0      31325   stm32f4xx_hal_cortex.o
        38          0          0          0          0       1143   stm32f4xx_hal_crc.o
       912         16          8          0          0       6163   stm32f4xx_hal_dma.o
         0          0          0          0          0     740448   stm32f4xx_hal_flash_ramfunc.o
       494         54          0          0          0       3353   stm32f4xx_hal_gpio.o
      1040        140          0          4          0       5467   stm32f4xx_hal_msp.o
        30          6          0          0          0       1199   stm32f4xx_hal_pwr.o
       112         12          0          0          0       1396   stm32f4xx_hal_pwr_ex.o
      1288         94          0          0          0       6693   stm32f4xx_hal_rcc.o
       768          0          0          0          0       4633   stm32f4xx_hal_spi.o
       982         44          0          0          0      10791   stm32f4xx_hal_tim.o
        84          0          0          0          0       2650   stm32f4xx_hal_tim_ex.o
       116         16          0          0         60       1588   stm32f4xx_hal_timebase_tim.o
      1318         34          0          0          0      11572   stm32f4xx_hal_uart.o
       152         66          0          0          0      30552   stm32f4xx_it.o
        84         18         24          4          0       1303   system_stm32f4xx.o
      1450        120          0         60        240      17183   tasks.o
      1522        154         20        130         92      10395   test_imu.o
         0          0          0         20          0       2114   usart.o

    ----------------------------------------------------------------------
     17240       1170        708        360      18552     977812   Object Totals
         0          0         32          0          0          0   (incl. Generated)
        26          0          1          7          4          0   (incl. Padding)

    ----------------------------------------------------------------------

      Code (inc. data)   RO Data    RW Data    ZI Data      Debug   Library Member Name

        86          0          0          0          0          0   __dczerorl2.o
         0          0          0          0          0          0   entry.o
         0          0          0          0          0          0   entry10a.o
         0          0          0          0          0          0   entry11a.o
         8          4          0          0          0          0   entry2.o
         4          0          0          0          0          0   entry5.o
         0          0          0          0          0          0   entry7b.o
         0          0          0          0          0          0   entry8b.o
         8          4          0          0          0          0   entry9a.o
        30          0          0          0          0          0   handlers.o
        36          8          0          0          0         68   init.o
        30          0          0          0          0         68   llshl.o
        32          0          0          0          0         68   llushr.o
        36          0          0          0          0         68   memcpya.o
        36          0          0          0          0        108   memseta.o
        98          0          0          0          0         92   uldiv.o

    ----------------------------------------------------------------------
       404         16          0          0          0        472   Library Totals
         0          0          0          0          0          0   (incl. Padding)

    ----------------------------------------------------------------------

      Code (inc. data)   RO Data    RW Data    ZI Data      Debug   Library Name

       404         16          0          0          0        472   mc_w.l

    ----------------------------------------------------------------------
       404         16          0          0          0        472   Library Totals

    ----------------------------------------------------------------------

==============================================================================


      Code (inc. data)   RO Data    RW Data    ZI Data      Debug   

     17644       1186        708        360      18552     961712   Grand Totals
     17644       1186        708         44      18552     961712   ELF Image Totals (compressed)
     17644       1186        708         44          0          0   ROM Totals

==============================================================================

    Total RO  Size (Code + RO Data)                18352 (  17.92kB)
    Total RW  Size (RW Data + ZI Data)             18912 (  18.47kB)
    Total ROM Size (Code + RO Data + RW Data)      18396 (  17.96kB)

==============================================================================

